<?xml version="1.0" encoding="ISO-8859-1" ?>
<link_info>
   <banner>TI ARM Linker PC v20.2.7.LTS</banner>
   <copyright>Copyright (c) 1996-2018 Texas Instruments Incorporated</copyright>
   <link_time>0x66ca22fe</link_time>
   <link_errors>0x0</link_errors>
   <output_file>SeatHeater.out</output_file>
   <entry_point>
      <name>_c_int00_noargs</name>
      <address>0x655d</address>
   </entry_point>
   <input_file_list>
      <input_file id="fl-2">
         <path>.\</path>
         <kind>object</kind>
         <file>main.obj</file>
         <name>main.obj</name>
      </input_file>
      <input_file id="fl-3">
         <path>.\</path>
         <kind>object</kind>
         <file>tm4c123gh6pm_startup_ccs.obj</file>
         <name>tm4c123gh6pm_startup_ccs.obj</name>
      </input_file>
      <input_file id="fl-4">
         <path>.\FreeRTOS\Source\</path>
         <kind>object</kind>
         <file>event_groups.obj</file>
         <name>event_groups.obj</name>
      </input_file>
      <input_file id="fl-5">
         <path>.\FreeRTOS\Source\</path>
         <kind>object</kind>
         <file>list.obj</file>
         <name>list.obj</name>
      </input_file>
      <input_file id="fl-6">
         <path>.\FreeRTOS\Source\</path>
         <kind>object</kind>
         <file>queue.obj</file>
         <name>queue.obj</name>
      </input_file>
      <input_file id="fl-7">
         <path>.\FreeRTOS\Source\</path>
         <kind>object</kind>
         <file>tasks.obj</file>
         <name>tasks.obj</name>
      </input_file>
      <input_file id="fl-8">
         <path>.\FreeRTOS\Source\</path>
         <kind>object</kind>
         <file>timers.obj</file>
         <name>timers.obj</name>
      </input_file>
      <input_file id="fl-9">
         <path>.\FreeRTOS\Source\portable\CCS\ARM_CM4F\</path>
         <kind>object</kind>
         <file>port.obj</file>
         <name>port.obj</name>
      </input_file>
      <input_file id="fl-a">
         <path>.\FreeRTOS\Source\portable\CCS\ARM_CM4F\</path>
         <kind>object</kind>
         <file>portasm.obj</file>
         <name>portasm.obj</name>
      </input_file>
      <input_file id="fl-b">
         <path>.\FreeRTOS\Source\portable\MemMang\</path>
         <kind>object</kind>
         <file>heap_2.obj</file>
         <name>heap_2.obj</name>
      </input_file>
      <input_file id="fl-c">
         <path>.\HAL\RGB_LED\</path>
         <kind>object</kind>
         <file>rgb_led.obj</file>
         <name>rgb_led.obj</name>
      </input_file>
      <input_file id="fl-d">
         <path>.\HAL\Temp_Sensor\</path>
         <kind>object</kind>
         <file>temp_sensor.obj</file>
         <name>temp_sensor.obj</name>
      </input_file>
      <input_file id="fl-e">
         <path>.\MCAL\ADC\</path>
         <kind>object</kind>
         <file>adc.obj</file>
         <name>adc.obj</name>
      </input_file>
      <input_file id="fl-f">
         <path>.\MCAL\GPIO\</path>
         <kind>object</kind>
         <file>gpio.obj</file>
         <name>gpio.obj</name>
      </input_file>
      <input_file id="fl-10">
         <path>.\MCAL\GPTM\</path>
         <kind>object</kind>
         <file>GPTM.obj</file>
         <name>GPTM.obj</name>
      </input_file>
      <input_file id="fl-11">
         <path>.\MCAL\SYSCTL\</path>
         <kind>object</kind>
         <file>sysctl.obj</file>
         <name>sysctl.obj</name>
      </input_file>
      <input_file id="fl-12">
         <path>.\MCAL\UART\</path>
         <kind>object</kind>
         <file>uart0.obj</file>
         <name>uart0.obj</name>
      </input_file>
      <input_file id="fl-16">
         <kind>object</kind>
         <file>&lt;internal&gt;</file>
         <name>&lt;internal&gt;</name>
      </input_file>
      <input_file id="fl-cc">
         <path>D:\IDEs\ccs\tools\compiler\ti-cgt-arm_20.2.7.LTS\lib\</path>
         <kind>archive</kind>
         <file>rtsv7M4_T_le_v4SPD16_eabi.lib</file>
         <name>fd_div_t2.asm.obj</name>
      </input_file>
      <input_file id="fl-cd">
         <path>D:\IDEs\ccs\tools\compiler\ti-cgt-arm_20.2.7.LTS\lib\</path>
         <kind>archive</kind>
         <file>rtsv7M4_T_le_v4SPD16_eabi.lib</file>
         <name>fd_mul_t2.asm.obj</name>
      </input_file>
      <input_file id="fl-ce">
         <path>D:\IDEs\ccs\tools\compiler\ti-cgt-arm_20.2.7.LTS\lib\</path>
         <kind>archive</kind>
         <file>rtsv7M4_T_le_v4SPD16_eabi.lib</file>
         <name>fd_toi_t2.asm.obj</name>
      </input_file>
      <input_file id="fl-cf">
         <path>D:\IDEs\ccs\tools\compiler\ti-cgt-arm_20.2.7.LTS\lib\</path>
         <kind>archive</kind>
         <file>rtsv7M4_T_le_v4SPD16_eabi.lib</file>
         <name>fd_tos_t2.asm.obj</name>
      </input_file>
      <input_file id="fl-d0">
         <path>D:\IDEs\ccs\tools\compiler\ti-cgt-arm_20.2.7.LTS\lib\</path>
         <kind>archive</kind>
         <file>rtsv7M4_T_le_v4SPD16_eabi.lib</file>
         <name>fs_tod_t2.asm.obj</name>
      </input_file>
      <input_file id="fl-d1">
         <path>D:\IDEs\ccs\tools\compiler\ti-cgt-arm_20.2.7.LTS\lib\</path>
         <kind>archive</kind>
         <file>rtsv7M4_T_le_v4SPD16_eabi.lib</file>
         <name>ll_mul_t2.asm.obj</name>
      </input_file>
      <input_file id="fl-d2">
         <path>D:\IDEs\ccs\tools\compiler\ti-cgt-arm_20.2.7.LTS\lib\</path>
         <kind>archive</kind>
         <file>rtsv7M4_T_le_v4SPD16_eabi.lib</file>
         <name>memcpy_t2.asm.obj</name>
      </input_file>
      <input_file id="fl-d3">
         <path>D:\IDEs\ccs\tools\compiler\ti-cgt-arm_20.2.7.LTS\lib\</path>
         <kind>archive</kind>
         <file>rtsv7M4_T_le_v4SPD16_eabi.lib</file>
         <name>u_tofd_t2.asm.obj</name>
      </input_file>
      <input_file id="fl-d4">
         <path>D:\IDEs\ccs\tools\compiler\ti-cgt-arm_20.2.7.LTS\lib\</path>
         <kind>archive</kind>
         <file>rtsv7M4_T_le_v4SPD16_eabi.lib</file>
         <name>memset_t2.asm.obj</name>
      </input_file>
      <input_file id="fl-d5">
         <path>D:\IDEs\ccs\tools\compiler\ti-cgt-arm_20.2.7.LTS\lib\</path>
         <kind>archive</kind>
         <file>rtsv7M4_T_le_v4SPD16_eabi.lib</file>
         <name>ll_div_t2.asm.obj</name>
      </input_file>
      <input_file id="fl-d6">
         <path>D:\IDEs\ccs\tools\compiler\ti-cgt-arm_20.2.7.LTS\lib\</path>
         <kind>archive</kind>
         <file>rtsv7M4_T_le_v4SPD16_eabi.lib</file>
         <name>ull_div_t2.asm.obj</name>
      </input_file>
      <input_file id="fl-d7">
         <path>D:\IDEs\ccs\tools\compiler\ti-cgt-arm_20.2.7.LTS\lib\</path>
         <kind>archive</kind>
         <file>rtsv7M4_T_le_v4SPD16_eabi.lib</file>
         <name>copy_zero_init.c.obj</name>
      </input_file>
      <input_file id="fl-d8">
         <path>D:\IDEs\ccs\tools\compiler\ti-cgt-arm_20.2.7.LTS\lib\</path>
         <kind>archive</kind>
         <file>rtsv7M4_T_le_v4SPD16_eabi.lib</file>
         <name>copy_decompress_none.c.obj</name>
      </input_file>
      <input_file id="fl-d9">
         <path>D:\IDEs\ccs\tools\compiler\ti-cgt-arm_20.2.7.LTS\lib\</path>
         <kind>archive</kind>
         <file>rtsv7M4_T_le_v4SPD16_eabi.lib</file>
         <name>copy_decompress_lzss.c.obj</name>
      </input_file>
      <input_file id="fl-da">
         <path>D:\IDEs\ccs\tools\compiler\ti-cgt-arm_20.2.7.LTS\lib\</path>
         <kind>archive</kind>
         <file>rtsv7M4_T_le_v4SPD16_eabi.lib</file>
         <name>boot_cortex_m.c.obj</name>
      </input_file>
      <input_file id="fl-db">
         <path>D:\IDEs\ccs\tools\compiler\ti-cgt-arm_20.2.7.LTS\lib\</path>
         <kind>archive</kind>
         <file>rtsv7M4_T_le_v4SPD16_eabi.lib</file>
         <name>div0.asm.obj</name>
      </input_file>
      <input_file id="fl-dc">
         <path>D:\IDEs\ccs\tools\compiler\ti-cgt-arm_20.2.7.LTS\lib\</path>
         <kind>archive</kind>
         <file>rtsv7M4_T_le_v4SPD16_eabi.lib</file>
         <name>autoinit.c.obj</name>
      </input_file>
      <input_file id="fl-dd">
         <path>D:\IDEs\ccs\tools\compiler\ti-cgt-arm_20.2.7.LTS\lib\</path>
         <kind>archive</kind>
         <file>rtsv7M4_T_le_v4SPD16_eabi.lib</file>
         <name>pre_init.c.obj</name>
      </input_file>
      <input_file id="fl-de">
         <path>D:\IDEs\ccs\tools\compiler\ti-cgt-arm_20.2.7.LTS\lib\</path>
         <kind>archive</kind>
         <file>rtsv7M4_T_le_v4SPD16_eabi.lib</file>
         <name>cpy_tbl.c.obj</name>
      </input_file>
      <input_file id="fl-df">
         <path>D:\IDEs\ccs\tools\compiler\ti-cgt-arm_20.2.7.LTS\lib\</path>
         <kind>archive</kind>
         <file>rtsv7M4_T_le_v4SPD16_eabi.lib</file>
         <name>exit.c.obj</name>
      </input_file>
      <input_file id="fl-e0">
         <path>D:\IDEs\ccs\tools\compiler\ti-cgt-arm_20.2.7.LTS\lib\</path>
         <kind>archive</kind>
         <file>rtsv7M4_T_le_v4SPD16_eabi.lib</file>
         <name>_lock.c.obj</name>
      </input_file>
      <input_file id="fl-e1">
         <path>D:\IDEs\ccs\tools\compiler\ti-cgt-arm_20.2.7.LTS\lib\</path>
         <kind>archive</kind>
         <file>rtsv7M4_T_le_v4SPD16_eabi.lib</file>
         <name>args_main.c.obj</name>
      </input_file>
   </input_file_list>
   <object_component_list>
      <object_component id="oc-12">
         <name>.intvecs</name>
         <load_address>0x0</load_address>
         <run_address>0x0</run_address>
         <size>0x26c</size>
         <input_file_ref idref="fl-3"/>
      </object_component>
      <object_component id="oc-85">
         <name>.text</name>
         <load_address>0x26c</load_address>
         <run_address>0x26c</run_address>
         <size>0x1cdc</size>
         <input_file_ref idref="fl-7"/>
      </object_component>
      <object_component id="oc-ab">
         <name>.text</name>
         <load_address>0x1f48</load_address>
         <run_address>0x1f48</run_address>
         <size>0x122c</size>
         <input_file_ref idref="fl-6"/>
      </object_component>
      <object_component id="oc-38">
         <name>.text</name>
         <load_address>0x3174</load_address>
         <run_address>0x3174</run_address>
         <size>0xb80</size>
         <input_file_ref idref="fl-2"/>
      </object_component>
      <object_component id="oc-d0">
         <name>.text</name>
         <load_address>0x3cf4</load_address>
         <run_address>0x3cf4</run_address>
         <size>0x8e4</size>
         <input_file_ref idref="fl-f"/>
      </object_component>
      <object_component id="oc-108">
         <name>.text</name>
         <load_address>0x45d8</load_address>
         <run_address>0x45d8</run_address>
         <size>0x7bc</size>
         <input_file_ref idref="fl-8"/>
      </object_component>
      <object_component id="oc-a5">
         <name>.text</name>
         <load_address>0x4d94</load_address>
         <run_address>0x4d94</run_address>
         <size>0x4fe</size>
         <input_file_ref idref="fl-4"/>
      </object_component>
      <object_component id="oc-2c6">
         <name>.text</name>
         <load_address>0x5292</load_address>
         <run_address>0x5292</run_address>
         <size>0x2</size>
         <input_file_ref idref="fl-db"/>
      </object_component>
      <object_component id="oc-32">
         <name>.text</name>
         <load_address>0x5294</load_address>
         <run_address>0x5294</run_address>
         <size>0x2b4</size>
         <input_file_ref idref="fl-9"/>
      </object_component>
      <object_component id="oc-163">
         <name>.text</name>
         <load_address>0x5548</load_address>
         <run_address>0x5548</run_address>
         <size>0x28c</size>
         <input_file_ref idref="fl-b"/>
      </object_component>
      <object_component id="oc-c4">
         <name>.text</name>
         <load_address>0x57d4</load_address>
         <run_address>0x57d4</run_address>
         <size>0x1c8</size>
         <input_file_ref idref="fl-12"/>
      </object_component>
      <object_component id="oc-be">
         <name>.text</name>
         <load_address>0x599c</load_address>
         <run_address>0x599c</run_address>
         <size>0x194</size>
         <input_file_ref idref="fl-11"/>
      </object_component>
      <object_component id="oc-1ef">
         <name>.text</name>
         <load_address>0x5b30</load_address>
         <run_address>0x5b30</run_address>
         <size>0x136</size>
         <input_file_ref idref="fl-cc"/>
      </object_component>
      <object_component id="oc-169">
         <name>.text</name>
         <load_address>0x5c66</load_address>
         <run_address>0x5c66</run_address>
         <size>0x12a</size>
         <input_file_ref idref="fl-5"/>
      </object_component>
      <object_component id="oc-1ea">
         <name>.text</name>
         <load_address>0x5d90</load_address>
         <run_address>0x5d90</run_address>
         <size>0xfc</size>
         <input_file_ref idref="fl-cd"/>
      </object_component>
      <object_component id="oc-2d">
         <name>.text</name>
         <load_address>0x5e8c</load_address>
         <run_address>0x5e8c</run_address>
         <size>0xda</size>
         <input_file_ref idref="fl-a"/>
      </object_component>
      <object_component id="oc-dc">
         <name>.text</name>
         <load_address>0x5f66</load_address>
         <run_address>0x5f66</run_address>
         <size>0xa8</size>
         <input_file_ref idref="fl-c"/>
      </object_component>
      <object_component id="oc-d6">
         <name>.text</name>
         <load_address>0x6010</load_address>
         <run_address>0x6010</run_address>
         <size>0xa8</size>
         <input_file_ref idref="fl-d"/>
      </object_component>
      <object_component id="oc-1df">
         <name>.text</name>
         <load_address>0x60b8</load_address>
         <run_address>0x60b8</run_address>
         <size>0x9c</size>
         <input_file_ref idref="fl-e"/>
      </object_component>
      <object_component id="oc-4c">
         <name>.text</name>
         <load_address>0x6154</load_address>
         <run_address>0x6154</run_address>
         <size>0x9c</size>
         <input_file_ref idref="fl-d2"/>
      </object_component>
      <object_component id="oc-2cb">
         <name>.text</name>
         <load_address>0x61f0</load_address>
         <run_address>0x61f0</run_address>
         <size>0x96</size>
         <input_file_ref idref="fl-d6"/>
      </object_component>
      <object_component id="oc-141">
         <name>.text</name>
         <load_address>0x6286</load_address>
         <run_address>0x6286</run_address>
         <size>0x7a</size>
         <input_file_ref idref="fl-d4"/>
      </object_component>
      <object_component id="oc-1f4">
         <name>.text</name>
         <load_address>0x6300</load_address>
         <run_address>0x6300</run_address>
         <size>0x6e</size>
         <input_file_ref idref="fl-cf"/>
      </object_component>
      <object_component id="oc-1d1">
         <name>.text</name>
         <load_address>0x636e</load_address>
         <run_address>0x636e</run_address>
         <size>0x6e</size>
         <input_file_ref idref="fl-d5"/>
      </object_component>
      <object_component id="oc-15">
         <name>.text:decompress:lzss:__TI_decompress_lzss</name>
         <load_address>0x63dc</load_address>
         <run_address>0x63dc</run_address>
         <size>0x68</size>
         <input_file_ref idref="fl-d9"/>
      </object_component>
      <object_component id="oc-ca">
         <name>.text</name>
         <load_address>0x6444</load_address>
         <run_address>0x6444</run_address>
         <size>0x54</size>
         <input_file_ref idref="fl-10"/>
      </object_component>
      <object_component id="oc-1fe">
         <name>.text</name>
         <load_address>0x6498</load_address>
         <run_address>0x6498</run_address>
         <size>0x48</size>
         <input_file_ref idref="fl-ce"/>
      </object_component>
      <object_component id="oc-254">
         <name>.text:__TI_auto_init_nobinit_nopinit:__TI_auto_init_nobinit_nopinit</name>
         <load_address>0x64e0</load_address>
         <run_address>0x64e0</run_address>
         <size>0x44</size>
         <input_file_ref idref="fl-dc"/>
      </object_component>
      <object_component id="oc-1f9">
         <name>.text</name>
         <load_address>0x6524</load_address>
         <run_address>0x6524</run_address>
         <size>0x38</size>
         <input_file_ref idref="fl-d0"/>
      </object_component>
      <object_component id="oc-6a">
         <name>.text:_c_int00_noargs:_c_int00_noargs</name>
         <load_address>0x655c</load_address>
         <run_address>0x655c</run_address>
         <size>0x34</size>
         <input_file_ref idref="fl-da"/>
      </object_component>
      <object_component id="oc-1e5">
         <name>.text</name>
         <load_address>0x6590</load_address>
         <run_address>0x6590</run_address>
         <size>0x20</size>
         <input_file_ref idref="fl-d3"/>
      </object_component>
      <object_component id="oc-a0">
         <name>.text</name>
         <load_address>0x65b0</load_address>
         <run_address>0x65b0</run_address>
         <size>0x18</size>
         <input_file_ref idref="fl-d1"/>
      </object_component>
      <object_component id="oc-1b">
         <name>.text:decompress:none:__TI_decompress_none</name>
         <load_address>0x65c8</load_address>
         <run_address>0x65c8</run_address>
         <size>0xe</size>
         <input_file_ref idref="fl-d8"/>
      </object_component>
      <object_component id="oc-5e">
         <name>.text:decompress:ZI:__TI_zero_init</name>
         <load_address>0x65d6</load_address>
         <run_address>0x65d6</run_address>
         <size>0xc</size>
         <input_file_ref idref="fl-d7"/>
      </object_component>
      <object_component id="oc-27">
         <name>.text</name>
         <load_address>0x65e2</load_address>
         <run_address>0x65e2</run_address>
         <size>0xc</size>
         <input_file_ref idref="fl-3"/>
      </object_component>
      <object_component id="oc-147">
         <name>.text:_system_pre_init</name>
         <load_address>0x65ee</load_address>
         <run_address>0x65ee</run_address>
         <size>0x4</size>
         <input_file_ref idref="fl-dd"/>
      </object_component>
      <object_component id="oc-248">
         <name>.text:abort:abort</name>
         <load_address>0x65f2</load_address>
         <run_address>0x65f2</run_address>
         <size>0x4</size>
         <input_file_ref idref="fl-df"/>
      </object_component>
      <object_component id="oc-203">
         <name>.const:ADC_channels</name>
         <load_address>0x65f8</load_address>
         <run_address>0x65f8</run_address>
         <size>0x18</size>
         <input_file_ref idref="fl-e"/>
      </object_component>
      <object_component id="oc-82">
         <name>.const</name>
         <load_address>0x6610</load_address>
         <run_address>0x6610</run_address>
         <size>0x8</size>
         <input_file_ref idref="fl-9"/>
      </object_component>
      <object_component id="oc-102">
         <name>.const:$P$T0$1</name>
         <load_address>0x6618</load_address>
         <run_address>0x6618</run_address>
         <size>0x4</size>
         <input_file_ref idref="fl-2"/>
      </object_component>
      <object_component id="oc-105">
         <name>.const:$P$T1$2</name>
         <load_address>0x661c</load_address>
         <run_address>0x661c</run_address>
         <size>0x4</size>
         <input_file_ref idref="fl-2"/>
      </object_component>
      <object_component id="oc-173">
         <name>.const</name>
         <load_address>0x6620</load_address>
         <run_address>0x6620</run_address>
         <size>0x4</size>
         <input_file_ref idref="fl-7"/>
      </object_component>
      <object_component id="oc-37f">
         <name>.cinit..data.load</name>
         <load_address>0x6628</load_address>
         <run_address>0x6628</run_address>
         <size>0x6c</size>
      </object_component>
      <object_component id="oc-37d">
         <name>__TI_handler_table</name>
         <load_address>0x6694</load_address>
         <run_address>0x6694</run_address>
         <size>0xc</size>
      </object_component>
      <object_component id="oc-380">
         <name>.cinit..bss.load</name>
         <load_address>0x66a0</load_address>
         <run_address>0x66a0</run_address>
         <size>0x8</size>
      </object_component>
      <object_component id="oc-37e">
         <name>__TI_cinit_table</name>
         <load_address>0x66a8</load_address>
         <run_address>0x66a8</run_address>
         <size>0x10</size>
      </object_component>
      <object_component id="oc-f6">
         <name>.data:xSeat1TempSensor</name>
         <load_address>0x200031d0</load_address>
         <run_address>0x200031d0</run_address>
         <size>0x1</size>
         <input_file_ref idref="fl-2"/>
      </object_component>
      <object_component id="oc-fc">
         <name>.data:xSeat2TempSensor</name>
         <load_address>0x200031d1</load_address>
         <run_address>0x200031d1</run_address>
         <size>0x1</size>
         <input_file_ref idref="fl-2"/>
      </object_component>
      <object_component id="oc-f9">
         <name>.data:xSeat1RGB</name>
         <load_address>0x200031b0</load_address>
         <run_address>0x200031b0</run_address>
         <size>0x8</size>
         <input_file_ref idref="fl-2"/>
      </object_component>
      <object_component id="oc-ff">
         <name>.data:xSeat2RGB</name>
         <load_address>0x200031c0</load_address>
         <run_address>0x200031c0</run_address>
         <size>0x8</size>
         <input_file_ref idref="fl-2"/>
      </object_component>
      <object_component id="oc-20a">
         <name>.data:xSeat1SavedState</name>
         <load_address>0x200031b8</load_address>
         <run_address>0x200031b8</run_address>
         <size>0x8</size>
         <input_file_ref idref="fl-2"/>
      </object_component>
      <object_component id="oc-20f">
         <name>.data:xSeat2SavedState</name>
         <load_address>0x200031c8</load_address>
         <run_address>0x200031c8</run_address>
         <size>0x8</size>
         <input_file_ref idref="fl-2"/>
      </object_component>
      <object_component id="oc-e4">
         <name>.data:xSeat1Params</name>
         <load_address>0x20003140</load_address>
         <run_address>0x20003140</run_address>
         <size>0x28</size>
         <input_file_ref idref="fl-2"/>
      </object_component>
      <object_component id="oc-ec">
         <name>.data:xSeat2Params</name>
         <load_address>0x20003168</load_address>
         <run_address>0x20003168</run_address>
         <size>0x28</size>
         <input_file_ref idref="fl-2"/>
      </object_component>
      <object_component id="oc-7f">
         <name>.data</name>
         <load_address>0x20003110</load_address>
         <run_address>0x20003110</run_address>
         <size>0x30</size>
         <input_file_ref idref="fl-7"/>
      </object_component>
      <object_component id="oc-220">
         <name>.data</name>
         <load_address>0x2000319c</load_address>
         <run_address>0x2000319c</run_address>
         <size>0xc</size>
         <input_file_ref idref="fl-8"/>
      </object_component>
      <object_component id="oc-8c">
         <name>.data</name>
         <load_address>0x20003190</load_address>
         <run_address>0x20003190</run_address>
         <size>0xc</size>
         <input_file_ref idref="fl-9"/>
      </object_component>
      <object_component id="oc-297">
         <name>.data</name>
         <load_address>0x200031a8</load_address>
         <run_address>0x200031a8</run_address>
         <size>0x8</size>
         <input_file_ref idref="fl-b"/>
      </object_component>
      <object_component id="oc-16f">
         <name>.bss:pxReadyTasksLists</name>
         <uninitialized>true</uninitialized>
         <run_address>0x20002cf0</run_address>
         <size>0x8c</size>
         <input_file_ref idref="fl-7"/>
      </object_component>
      <object_component id="oc-17d">
         <name>.bss:xDelayedTaskList1</name>
         <uninitialized>true</uninitialized>
         <run_address>0x20002e4c</run_address>
         <size>0x14</size>
         <input_file_ref idref="fl-7"/>
      </object_component>
      <object_component id="oc-180">
         <name>.bss:xDelayedTaskList2</name>
         <uninitialized>true</uninitialized>
         <run_address>0x20002e60</run_address>
         <size>0x14</size>
         <input_file_ref idref="fl-7"/>
      </object_component>
      <object_component id="oc-179">
         <name>.bss</name>
         <uninitialized>true</uninitialized>
         <run_address>0x20002e88</run_address>
         <size>0x8</size>
         <input_file_ref idref="fl-7"/>
      </object_component>
      <object_component id="oc-176">
         <name>.bss:xPendingReadyList</name>
         <uninitialized>true</uninitialized>
         <run_address>0x20002e74</run_address>
         <size>0x14</size>
         <input_file_ref idref="fl-7"/>
      </object_component>
      <object_component id="oc-226">
         <name>.bss:xActiveTimerList1</name>
         <uninitialized>true</uninitialized>
         <run_address>0x20002e24</run_address>
         <size>0x14</size>
         <input_file_ref idref="fl-8"/>
      </object_component>
      <object_component id="oc-229">
         <name>.bss:xActiveTimerList2</name>
         <uninitialized>true</uninitialized>
         <run_address>0x20002e38</run_address>
         <size>0x14</size>
         <input_file_ref idref="fl-8"/>
      </object_component>
      <object_component id="oc-223">
         <name>.bss</name>
         <uninitialized>true</uninitialized>
         <run_address>0x20002e90</run_address>
         <size>0x8</size>
         <input_file_ref idref="fl-8"/>
      </object_component>
      <object_component id="oc-2a0">
         <name>.bss:ucHeap</name>
         <uninitialized>true</uninitialized>
         <run_address>0x20000000</run_address>
         <size>0x2c00</size>
         <input_file_ref idref="fl-b"/>
      </object_component>
      <object_component id="oc-29a">
         <name>.bss:xStart</name>
         <uninitialized>true</uninitialized>
         <run_address>0x20002ea0</run_address>
         <size>0x8</size>
         <input_file_ref idref="fl-b"/>
      </object_component>
      <object_component id="oc-29d">
         <name>.bss:xEnd</name>
         <uninitialized>true</uninitialized>
         <run_address>0x20002e98</run_address>
         <size>0x8</size>
         <input_file_ref idref="fl-b"/>
      </object_component>
      <object_component id="oc-17c">
         <name>.common:ullTasksOutTime</name>
         <uninitialized>true</uninitialized>
         <run_address>0x20002db4</run_address>
         <size>0x38</size>
      </object_component>
      <object_component id="oc-172">
         <name>.common:ullTasksInTime</name>
         <uninitialized>true</uninitialized>
         <run_address>0x20002d7c</run_address>
         <size>0x38</size>
      </object_component>
      <object_component id="oc-10f">
         <name>.common:ullTasksTotalTime</name>
         <uninitialized>true</uninitialized>
         <run_address>0x20002dec</run_address>
         <size>0x38</size>
      </object_component>
      <object_component id="oc-b1">
         <name>.common:xSeatButtonEventGroup</name>
         <uninitialized>true</uninitialized>
         <run_address>0x20002ed4</run_address>
         <size>0x4</size>
      </object_component>
      <object_component id="oc-b4">
         <name>.common:xAdcMutex</name>
         <uninitialized>true</uninitialized>
         <run_address>0x20002ea8</run_address>
         <size>0x4</size>
      </object_component>
      <object_component id="oc-b5">
         <name>.common:xSeat1TempQueue</name>
         <uninitialized>true</uninitialized>
         <run_address>0x20002ec0</run_address>
         <size>0x4</size>
      </object_component>
      <object_component id="oc-b6">
         <name>.common:xSeat1LevelQueue</name>
         <uninitialized>true</uninitialized>
         <run_address>0x20002ebc</run_address>
         <size>0x4</size>
      </object_component>
      <object_component id="oc-b7">
         <name>.common:xSeat1IntensityQueue</name>
         <uninitialized>true</uninitialized>
         <run_address>0x20002eb8</run_address>
         <size>0x4</size>
      </object_component>
      <object_component id="oc-b8">
         <name>.common:xSeat2TempQueue</name>
         <uninitialized>true</uninitialized>
         <run_address>0x20002ed0</run_address>
         <size>0x4</size>
      </object_component>
      <object_component id="oc-b9">
         <name>.common:xSeat2LevelQueue</name>
         <uninitialized>true</uninitialized>
         <run_address>0x20002ecc</run_address>
         <size>0x4</size>
      </object_component>
      <object_component id="oc-ba">
         <name>.common:xSeat2IntensityQueue</name>
         <uninitialized>true</uninitialized>
         <run_address>0x20002ec8</run_address>
         <size>0x4</size>
      </object_component>
      <object_component id="oc-bb">
         <name>.common:xDisplayQueue</name>
         <uninitialized>true</uninitialized>
         <run_address>0x20002eac</run_address>
         <size>0x4</size>
      </object_component>
      <object_component id="oc-bc">
         <name>.common:xErrorLogQueue</name>
         <uninitialized>true</uninitialized>
         <run_address>0x20002eb0</run_address>
         <size>0x4</size>
      </object_component>
      <object_component id="oc-bd">
         <name>.common:xSeat1ControlQueueSet</name>
         <uninitialized>true</uninitialized>
         <run_address>0x20002eb4</run_address>
         <size>0x4</size>
      </object_component>
      <object_component id="oc-e2">
         <name>.common:xSeat2ControlQueueSet</name>
         <uninitialized>true</uninitialized>
         <run_address>0x20002ec4</run_address>
         <size>0x4</size>
      </object_component>
      <object_component id="oc-10e">
         <name>.common:axErrorLogs</name>
         <uninitialized>true</uninitialized>
         <run_address>0x20002c00</run_address>
         <size>0xf0</size>
      </object_component>
      <object_component id="oc-e3">
         <name>.common:xTask0Handle</name>
         <uninitialized>true</uninitialized>
         <run_address>0x20002ed8</run_address>
         <size>0x4</size>
      </object_component>
      <object_component id="oc-e7">
         <name>.common:xTask1Handle</name>
         <uninitialized>true</uninitialized>
         <run_address>0x20002ee8</run_address>
         <size>0x4</size>
      </object_component>
      <object_component id="oc-e8">
         <name>.common:xTask2Handle</name>
         <uninitialized>true</uninitialized>
         <run_address>0x20002eec</run_address>
         <size>0x4</size>
      </object_component>
      <object_component id="oc-e9">
         <name>.common:xTask3Handle</name>
         <uninitialized>true</uninitialized>
         <run_address>0x20002ef0</run_address>
         <size>0x4</size>
      </object_component>
      <object_component id="oc-ea">
         <name>.common:xTask4Handle</name>
         <uninitialized>true</uninitialized>
         <run_address>0x20002ef4</run_address>
         <size>0x4</size>
      </object_component>
      <object_component id="oc-eb">
         <name>.common:xTask5Handle</name>
         <uninitialized>true</uninitialized>
         <run_address>0x20002ef8</run_address>
         <size>0x4</size>
      </object_component>
      <object_component id="oc-ef">
         <name>.common:xTask6Handle</name>
         <uninitialized>true</uninitialized>
         <run_address>0x20002efc</run_address>
         <size>0x4</size>
      </object_component>
      <object_component id="oc-f0">
         <name>.common:xTask7Handle</name>
         <uninitialized>true</uninitialized>
         <run_address>0x20002f00</run_address>
         <size>0x4</size>
      </object_component>
      <object_component id="oc-f1">
         <name>.common:xTask8Handle</name>
         <uninitialized>true</uninitialized>
         <run_address>0x20002f04</run_address>
         <size>0x4</size>
      </object_component>
      <object_component id="oc-f2">
         <name>.common:xTask9Handle</name>
         <uninitialized>true</uninitialized>
         <run_address>0x20002f08</run_address>
         <size>0x4</size>
      </object_component>
      <object_component id="oc-f3">
         <name>.common:xTask10Handle</name>
         <uninitialized>true</uninitialized>
         <run_address>0x20002edc</run_address>
         <size>0x4</size>
      </object_component>
      <object_component id="oc-f4">
         <name>.common:xTask11Handle</name>
         <uninitialized>true</uninitialized>
         <run_address>0x20002ee0</run_address>
         <size>0x4</size>
      </object_component>
      <object_component id="oc-f5">
         <name>.common:xTask12Handle</name>
         <uninitialized>true</uninitialized>
         <run_address>0x20002ee4</run_address>
         <size>0x4</size>
      </object_component>
      <object_component id="oc-24">
         <name>.stack</name>
         <uninitialized>true</uninitialized>
         <run_address>0x20002f10</run_address>
         <size>0x4</size>
         <input_file_ref idref="fl-da"/>
      </object_component>
      <object_component id="oc-382">
         <name>.stack</name>
         <uninitialized>true</uninitialized>
         <run_address>0x20002f10</run_address>
         <size>0x0</size>
      </object_component>
      <object_component id="oc-b2">
         <name>.debug_info</name>
         <load_address>0x0</load_address>
         <run_address>0x0</run_address>
         <size>0x1208</size>
         <input_file_ref idref="fl-2"/>
      </object_component>
      <object_component id="oc-f7">
         <name>.debug_info</name>
         <load_address>0x1208</load_address>
         <run_address>0x1208</run_address>
         <size>0xf5</size>
         <input_file_ref idref="fl-2"/>
      </object_component>
      <object_component id="oc-fd">
         <name>.debug_info</name>
         <load_address>0x12fd</load_address>
         <run_address>0x12fd</run_address>
         <size>0xf5</size>
         <input_file_ref idref="fl-2"/>
      </object_component>
      <object_component id="oc-fa">
         <name>.debug_info</name>
         <load_address>0x13f2</load_address>
         <run_address>0x13f2</run_address>
         <size>0xe7</size>
         <input_file_ref idref="fl-2"/>
      </object_component>
      <object_component id="oc-100">
         <name>.debug_info</name>
         <load_address>0x14d9</load_address>
         <run_address>0x14d9</run_address>
         <size>0xe7</size>
         <input_file_ref idref="fl-2"/>
      </object_component>
      <object_component id="oc-20b">
         <name>.debug_info</name>
         <load_address>0x15c0</load_address>
         <run_address>0x15c0</run_address>
         <size>0xf5</size>
         <input_file_ref idref="fl-2"/>
      </object_component>
      <object_component id="oc-210">
         <name>.debug_info</name>
         <load_address>0x16b5</load_address>
         <run_address>0x16b5</run_address>
         <size>0xf5</size>
         <input_file_ref idref="fl-2"/>
      </object_component>
      <object_component id="oc-e5">
         <name>.debug_info</name>
         <load_address>0x17aa</load_address>
         <run_address>0x17aa</run_address>
         <size>0xed</size>
         <input_file_ref idref="fl-2"/>
      </object_component>
      <object_component id="oc-ed">
         <name>.debug_info</name>
         <load_address>0x1897</load_address>
         <run_address>0x1897</run_address>
         <size>0xed</size>
         <input_file_ref idref="fl-2"/>
      </object_component>
      <object_component id="oc-103">
         <name>.debug_info</name>
         <load_address>0x1984</load_address>
         <run_address>0x1984</run_address>
         <size>0xe3</size>
         <input_file_ref idref="fl-2"/>
      </object_component>
      <object_component id="oc-106">
         <name>.debug_info</name>
         <load_address>0x1a67</load_address>
         <run_address>0x1a67</run_address>
         <size>0xe3</size>
         <input_file_ref idref="fl-2"/>
      </object_component>
      <object_component id="oc-3a">
         <name>.debug_info</name>
         <load_address>0x1b4a</load_address>
         <run_address>0x1b4a</run_address>
         <size>0x1719</size>
         <input_file_ref idref="fl-2"/>
      </object_component>
      <object_component id="oc-2c1">
         <name>.debug_info</name>
         <load_address>0x3263</load_address>
         <run_address>0x3263</run_address>
         <size>0xe1</size>
         <input_file_ref idref="fl-2"/>
      </object_component>
      <object_component id="oc-18d">
         <name>.debug_info</name>
         <load_address>0x3344</load_address>
         <run_address>0x3344</run_address>
         <size>0x30c</size>
         <input_file_ref idref="fl-2"/>
      </object_component>
      <object_component id="oc-1cb">
         <name>.debug_info</name>
         <load_address>0x3650</load_address>
         <run_address>0x3650</run_address>
         <size>0x7e</size>
         <input_file_ref idref="fl-2"/>
      </object_component>
      <object_component id="oc-1da">
         <name>.debug_info</name>
         <load_address>0x36ce</load_address>
         <run_address>0x36ce</run_address>
         <size>0x51</size>
         <input_file_ref idref="fl-2"/>
      </object_component>
      <object_component id="oc-1b7">
         <name>.debug_info</name>
         <load_address>0x371f</load_address>
         <run_address>0x371f</run_address>
         <size>0xdc</size>
         <input_file_ref idref="fl-2"/>
      </object_component>
      <object_component id="oc-1bc">
         <name>.debug_info</name>
         <load_address>0x37fb</load_address>
         <run_address>0x37fb</run_address>
         <size>0x4a</size>
         <input_file_ref idref="fl-2"/>
      </object_component>
      <object_component id="oc-11b">
         <name>.debug_info</name>
         <load_address>0x3845</load_address>
         <run_address>0x3845</run_address>
         <size>0x1e3</size>
         <input_file_ref idref="fl-2"/>
      </object_component>
      <object_component id="oc-127">
         <name>.debug_info</name>
         <load_address>0x3a28</load_address>
         <run_address>0x3a28</run_address>
         <size>0x26b</size>
         <input_file_ref idref="fl-2"/>
      </object_component>
      <object_component id="oc-197">
         <name>.debug_info</name>
         <load_address>0x3c93</load_address>
         <run_address>0x3c93</run_address>
         <size>0x40d</size>
         <input_file_ref idref="fl-2"/>
      </object_component>
      <object_component id="oc-116">
         <name>.debug_info</name>
         <load_address>0x40a0</load_address>
         <run_address>0x40a0</run_address>
         <size>0x42</size>
         <input_file_ref idref="fl-2"/>
      </object_component>
      <object_component id="oc-120">
         <name>.debug_info</name>
         <load_address>0x40e2</load_address>
         <run_address>0x40e2</run_address>
         <size>0x4f</size>
         <input_file_ref idref="fl-2"/>
      </object_component>
      <object_component id="oc-1c6">
         <name>.debug_info</name>
         <load_address>0x4131</load_address>
         <run_address>0x4131</run_address>
         <size>0x2c</size>
         <input_file_ref idref="fl-2"/>
      </object_component>
      <object_component id="oc-47">
         <name>.debug_info</name>
         <load_address>0x415d</load_address>
         <run_address>0x415d</run_address>
         <size>0x84</size>
         <input_file_ref idref="fl-2"/>
      </object_component>
      <object_component id="oc-91">
         <name>.debug_info</name>
         <load_address>0x41e1</load_address>
         <run_address>0x41e1</run_address>
         <size>0x2c</size>
         <input_file_ref idref="fl-2"/>
      </object_component>
      <object_component id="oc-1c1">
         <name>.debug_info</name>
         <load_address>0x420d</load_address>
         <run_address>0x420d</run_address>
         <size>0x4f</size>
         <input_file_ref idref="fl-2"/>
      </object_component>
      <object_component id="oc-19c">
         <name>.debug_info</name>
         <load_address>0x425c</load_address>
         <run_address>0x425c</run_address>
         <size>0x2a4</size>
         <input_file_ref idref="fl-2"/>
      </object_component>
      <object_component id="oc-9b">
         <name>.debug_info</name>
         <load_address>0x4500</load_address>
         <run_address>0x4500</run_address>
         <size>0xbb</size>
         <input_file_ref idref="fl-2"/>
      </object_component>
      <object_component id="oc-111">
         <name>.debug_info</name>
         <load_address>0x45bb</load_address>
         <run_address>0x45bb</run_address>
         <size>0xae</size>
         <input_file_ref idref="fl-2"/>
      </object_component>
      <object_component id="oc-188">
         <name>.debug_info</name>
         <load_address>0x4669</load_address>
         <run_address>0x4669</run_address>
         <size>0x53</size>
         <input_file_ref idref="fl-2"/>
      </object_component>
      <object_component id="oc-96">
         <name>.debug_info</name>
         <load_address>0x46bc</load_address>
         <run_address>0x46bc</run_address>
         <size>0x53</size>
         <input_file_ref idref="fl-2"/>
      </object_component>
      <object_component id="oc-192">
         <name>.debug_info</name>
         <load_address>0x470f</load_address>
         <run_address>0x470f</run_address>
         <size>0x14c</size>
         <input_file_ref idref="fl-2"/>
      </object_component>
      <object_component id="oc-40">
         <name>.debug_info</name>
         <load_address>0x485b</load_address>
         <run_address>0x485b</run_address>
         <size>0x36c</size>
         <input_file_ref idref="fl-3"/>
      </object_component>
      <object_component id="oc-13">
         <name>.debug_info</name>
         <load_address>0x4bc7</load_address>
         <run_address>0x4bc7</run_address>
         <size>0x101</size>
         <input_file_ref idref="fl-3"/>
      </object_component>
      <object_component id="oc-28">
         <name>.debug_info</name>
         <load_address>0x4cc8</load_address>
         <run_address>0x4cc8</run_address>
         <size>0x27d</size>
         <input_file_ref idref="fl-3"/>
      </object_component>
      <object_component id="oc-1a8">
         <name>.debug_info</name>
         <load_address>0x4f45</load_address>
         <run_address>0x4f45</run_address>
         <size>0x69c</size>
         <input_file_ref idref="fl-4"/>
      </object_component>
      <object_component id="oc-a7">
         <name>.debug_info</name>
         <load_address>0x55e1</load_address>
         <run_address>0x55e1</run_address>
         <size>0x13aa</size>
         <input_file_ref idref="fl-4"/>
      </object_component>
      <object_component id="oc-1b0">
         <name>.debug_info</name>
         <load_address>0x698b</load_address>
         <run_address>0x698b</run_address>
         <size>0x110</size>
         <input_file_ref idref="fl-4"/>
      </object_component>
      <object_component id="oc-292">
         <name>.debug_info</name>
         <load_address>0x6a9b</load_address>
         <run_address>0x6a9b</run_address>
         <size>0x40d</size>
         <input_file_ref idref="fl-4"/>
      </object_component>
      <object_component id="oc-2b5">
         <name>.debug_info</name>
         <load_address>0x6ea8</load_address>
         <run_address>0x6ea8</run_address>
         <size>0x62</size>
         <input_file_ref idref="fl-4"/>
      </object_component>
      <object_component id="oc-1a3">
         <name>.debug_info</name>
         <load_address>0x6f0a</load_address>
         <run_address>0x6f0a</run_address>
         <size>0x39</size>
         <input_file_ref idref="fl-4"/>
      </object_component>
      <object_component id="oc-2a6">
         <name>.debug_info</name>
         <load_address>0x6f43</load_address>
         <run_address>0x6f43</run_address>
         <size>0x39a</size>
         <input_file_ref idref="fl-5"/>
      </object_component>
      <object_component id="oc-16a">
         <name>.debug_info</name>
         <load_address>0x72dd</load_address>
         <run_address>0x72dd</run_address>
         <size>0x50a</size>
         <input_file_ref idref="fl-5"/>
      </object_component>
      <object_component id="oc-1af">
         <name>.debug_info</name>
         <load_address>0x77e7</load_address>
         <run_address>0x77e7</run_address>
         <size>0x900</size>
         <input_file_ref idref="fl-6"/>
      </object_component>
      <object_component id="oc-ac">
         <name>.debug_info</name>
         <load_address>0x80e7</load_address>
         <run_address>0x80e7</run_address>
         <size>0x3ad9</size>
         <input_file_ref idref="fl-6"/>
      </object_component>
      <object_component id="oc-2bc">
         <name>.debug_info</name>
         <load_address>0xbbc0</load_address>
         <run_address>0xbbc0</run_address>
         <size>0x1db</size>
         <input_file_ref idref="fl-6"/>
      </object_component>
      <object_component id="oc-1aa">
         <name>.debug_info</name>
         <load_address>0xbd9b</load_address>
         <run_address>0xbd9b</run_address>
         <size>0x46</size>
         <input_file_ref idref="fl-6"/>
      </object_component>
      <object_component id="oc-288">
         <name>.debug_info</name>
         <load_address>0xbde1</load_address>
         <run_address>0xbde1</run_address>
         <size>0x35</size>
         <input_file_ref idref="fl-6"/>
      </object_component>
      <object_component id="oc-15b">
         <name>.debug_info</name>
         <load_address>0xbe16</load_address>
         <run_address>0xbe16</run_address>
         <size>0x86e</size>
         <input_file_ref idref="fl-7"/>
      </object_component>
      <object_component id="oc-80">
         <name>.debug_info</name>
         <load_address>0xc684</load_address>
         <run_address>0xc684</run_address>
         <size>0x316</size>
         <input_file_ref idref="fl-7"/>
      </object_component>
      <object_component id="oc-170">
         <name>.debug_info</name>
         <load_address>0xc99a</load_address>
         <run_address>0xc99a</run_address>
         <size>0x108</size>
         <input_file_ref idref="fl-7"/>
      </object_component>
      <object_component id="oc-17e">
         <name>.debug_info</name>
         <load_address>0xcaa2</load_address>
         <run_address>0xcaa2</run_address>
         <size>0x108</size>
         <input_file_ref idref="fl-7"/>
      </object_component>
      <object_component id="oc-181">
         <name>.debug_info</name>
         <load_address>0xcbaa</load_address>
         <run_address>0xcbaa</run_address>
         <size>0x108</size>
         <input_file_ref idref="fl-7"/>
      </object_component>
      <object_component id="oc-17a">
         <name>.debug_info</name>
         <load_address>0xccb2</load_address>
         <run_address>0xccb2</run_address>
         <size>0x14b</size>
         <input_file_ref idref="fl-7"/>
      </object_component>
      <object_component id="oc-177">
         <name>.debug_info</name>
         <load_address>0xcdfd</load_address>
         <run_address>0xcdfd</run_address>
         <size>0x108</size>
         <input_file_ref idref="fl-7"/>
      </object_component>
      <object_component id="oc-174">
         <name>.debug_info</name>
         <load_address>0xcf05</load_address>
         <run_address>0xcf05</run_address>
         <size>0x109</size>
         <input_file_ref idref="fl-7"/>
      </object_component>
      <object_component id="oc-87">
         <name>.debug_info</name>
         <load_address>0xd00e</load_address>
         <run_address>0xd00e</run_address>
         <size>0x43d8</size>
         <input_file_ref idref="fl-7"/>
      </object_component>
      <object_component id="oc-15c">
         <name>.debug_info</name>
         <load_address>0x113e6</load_address>
         <run_address>0x113e6</run_address>
         <size>0x303</size>
         <input_file_ref idref="fl-7"/>
      </object_component>
      <object_component id="oc-28d">
         <name>.debug_info</name>
         <load_address>0x116e9</load_address>
         <run_address>0x116e9</run_address>
         <size>0x130</size>
         <input_file_ref idref="fl-7"/>
      </object_component>
      <object_component id="oc-232">
         <name>.debug_info</name>
         <load_address>0x11819</load_address>
         <run_address>0x11819</run_address>
         <size>0x84b</size>
         <input_file_ref idref="fl-8"/>
      </object_component>
      <object_component id="oc-227">
         <name>.debug_info</name>
         <load_address>0x12064</load_address>
         <run_address>0x12064</run_address>
         <size>0x108</size>
         <input_file_ref idref="fl-8"/>
      </object_component>
      <object_component id="oc-22a">
         <name>.debug_info</name>
         <load_address>0x1216c</load_address>
         <run_address>0x1216c</run_address>
         <size>0x108</size>
         <input_file_ref idref="fl-8"/>
      </object_component>
      <object_component id="oc-224">
         <name>.debug_info</name>
         <load_address>0x12274</load_address>
         <run_address>0x12274</run_address>
         <size>0x140</size>
         <input_file_ref idref="fl-8"/>
      </object_component>
      <object_component id="oc-221">
         <name>.debug_info</name>
         <load_address>0x123b4</load_address>
         <run_address>0x123b4</run_address>
         <size>0x12c</size>
         <input_file_ref idref="fl-8"/>
      </object_component>
      <object_component id="oc-109">
         <name>.debug_info</name>
         <load_address>0x124e0</load_address>
         <run_address>0x124e0</run_address>
         <size>0x23c3</size>
         <input_file_ref idref="fl-8"/>
      </object_component>
      <object_component id="oc-233">
         <name>.debug_info</name>
         <load_address>0x148a3</load_address>
         <run_address>0x148a3</run_address>
         <size>0x1ce</size>
         <input_file_ref idref="fl-8"/>
      </object_component>
      <object_component id="oc-22d">
         <name>.debug_info</name>
         <load_address>0x14a71</load_address>
         <run_address>0x14a71</run_address>
         <size>0x46</size>
         <input_file_ref idref="fl-8"/>
      </object_component>
      <object_component id="oc-90">
         <name>.debug_info</name>
         <load_address>0x14ab7</load_address>
         <run_address>0x14ab7</run_address>
         <size>0x481</size>
         <input_file_ref idref="fl-9"/>
      </object_component>
      <object_component id="oc-83">
         <name>.debug_info</name>
         <load_address>0x14f38</load_address>
         <run_address>0x14f38</run_address>
         <size>0x17d</size>
         <input_file_ref idref="fl-9"/>
      </object_component>
      <object_component id="oc-8d">
         <name>.debug_info</name>
         <load_address>0x150b5</load_address>
         <run_address>0x150b5</run_address>
         <size>0x188</size>
         <input_file_ref idref="fl-9"/>
      </object_component>
      <object_component id="oc-35">
         <name>.debug_info</name>
         <load_address>0x1523d</load_address>
         <run_address>0x1523d</run_address>
         <size>0x914</size>
         <input_file_ref idref="fl-9"/>
      </object_component>
      <object_component id="oc-2e">
         <name>.debug_info</name>
         <load_address>0x15b51</load_address>
         <run_address>0x15b51</run_address>
         <size>0x26a</size>
         <input_file_ref idref="fl-a"/>
      </object_component>
      <object_component id="oc-2a4">
         <name>.debug_info</name>
         <load_address>0x15dbb</load_address>
         <run_address>0x15dbb</run_address>
         <size>0x471</size>
         <input_file_ref idref="fl-b"/>
      </object_component>
      <object_component id="oc-2a1">
         <name>.debug_info</name>
         <load_address>0x1622c</load_address>
         <run_address>0x1622c</run_address>
         <size>0x103</size>
         <input_file_ref idref="fl-b"/>
      </object_component>
      <object_component id="oc-29b">
         <name>.debug_info</name>
         <load_address>0x1632f</load_address>
         <run_address>0x1632f</run_address>
         <size>0x103</size>
         <input_file_ref idref="fl-b"/>
      </object_component>
      <object_component id="oc-29e">
         <name>.debug_info</name>
         <load_address>0x16432</load_address>
         <run_address>0x16432</run_address>
         <size>0xff</size>
         <input_file_ref idref="fl-b"/>
      </object_component>
      <object_component id="oc-298">
         <name>.debug_info</name>
         <load_address>0x16531</load_address>
         <run_address>0x16531</run_address>
         <size>0x11d</size>
         <input_file_ref idref="fl-b"/>
      </object_component>
      <object_component id="oc-166">
         <name>.debug_info</name>
         <load_address>0x1664e</load_address>
         <run_address>0x1664e</run_address>
         <size>0x841</size>
         <input_file_ref idref="fl-b"/>
      </object_component>
      <object_component id="oc-313">
         <name>.debug_info</name>
         <load_address>0x16e8f</load_address>
         <run_address>0x16e8f</run_address>
         <size>0x62</size>
         <input_file_ref idref="fl-b"/>
      </object_component>
      <object_component id="oc-209">
         <name>.debug_info</name>
         <load_address>0x16ef1</load_address>
         <run_address>0x16ef1</run_address>
         <size>0x2e3</size>
         <input_file_ref idref="fl-c"/>
      </object_component>
      <object_component id="oc-de">
         <name>.debug_info</name>
         <load_address>0x171d4</load_address>
         <run_address>0x171d4</run_address>
         <size>0x5ff</size>
         <input_file_ref idref="fl-c"/>
      </object_component>
      <object_component id="oc-207">
         <name>.debug_info</name>
         <load_address>0x177d3</load_address>
         <run_address>0x177d3</run_address>
         <size>0x37d</size>
         <input_file_ref idref="fl-d"/>
      </object_component>
      <object_component id="oc-d7">
         <name>.debug_info</name>
         <load_address>0x17b50</load_address>
         <run_address>0x17b50</run_address>
         <size>0x364</size>
         <input_file_ref idref="fl-d"/>
      </object_component>
      <object_component id="oc-2dc">
         <name>.debug_info</name>
         <load_address>0x17eb4</load_address>
         <run_address>0x17eb4</run_address>
         <size>0x279</size>
         <input_file_ref idref="fl-e"/>
      </object_component>
      <object_component id="oc-204">
         <name>.debug_info</name>
         <load_address>0x1812d</load_address>
         <run_address>0x1812d</run_address>
         <size>0xf5</size>
         <input_file_ref idref="fl-e"/>
      </object_component>
      <object_component id="oc-1e3">
         <name>.debug_info</name>
         <load_address>0x18222</load_address>
         <run_address>0x18222</run_address>
         <size>0x240</size>
         <input_file_ref idref="fl-e"/>
      </object_component>
      <object_component id="oc-d4">
         <name>.debug_info</name>
         <load_address>0x18462</load_address>
         <run_address>0x18462</run_address>
         <size>0xbfa</size>
         <input_file_ref idref="fl-f"/>
      </object_component>
      <object_component id="oc-cd">
         <name>.debug_info</name>
         <load_address>0x1905c</load_address>
         <run_address>0x1905c</run_address>
         <size>0x1a8</size>
         <input_file_ref idref="fl-10"/>
      </object_component>
      <object_component id="oc-bf">
         <name>.debug_info</name>
         <load_address>0x19204</load_address>
         <run_address>0x19204</run_address>
         <size>0x25c</size>
         <input_file_ref idref="fl-11"/>
      </object_component>
      <object_component id="oc-1d7">
         <name>.debug_info</name>
         <load_address>0x19460</load_address>
         <run_address>0x19460</run_address>
         <size>0x282</size>
         <input_file_ref idref="fl-12"/>
      </object_component>
      <object_component id="oc-c5">
         <name>.debug_info</name>
         <load_address>0x196e2</load_address>
         <run_address>0x196e2</run_address>
         <size>0x482</size>
         <input_file_ref idref="fl-12"/>
      </object_component>
      <object_component id="oc-1f1">
         <name>.debug_info</name>
         <load_address>0x19b64</load_address>
         <run_address>0x19b64</run_address>
         <size>0x13a</size>
         <input_file_ref idref="fl-cc"/>
      </object_component>
      <object_component id="oc-1eb">
         <name>.debug_info</name>
         <load_address>0x19c9e</load_address>
         <run_address>0x19c9e</run_address>
         <size>0x13a</size>
         <input_file_ref idref="fl-cd"/>
      </object_component>
      <object_component id="oc-201">
         <name>.debug_info</name>
         <load_address>0x19dd8</load_address>
         <run_address>0x19dd8</run_address>
         <size>0x12e</size>
         <input_file_ref idref="fl-ce"/>
      </object_component>
      <object_component id="oc-1f7">
         <name>.debug_info</name>
         <load_address>0x19f06</load_address>
         <run_address>0x19f06</run_address>
         <size>0x13e</size>
         <input_file_ref idref="fl-cf"/>
      </object_component>
      <object_component id="oc-1fc">
         <name>.debug_info</name>
         <load_address>0x1a044</load_address>
         <run_address>0x1a044</run_address>
         <size>0x12c</size>
         <input_file_ref idref="fl-d0"/>
      </object_component>
      <object_component id="oc-a2">
         <name>.debug_info</name>
         <load_address>0x1a170</load_address>
         <run_address>0x1a170</run_address>
         <size>0x122</size>
         <input_file_ref idref="fl-d1"/>
      </object_component>
      <object_component id="oc-4d">
         <name>.debug_info</name>
         <load_address>0x1a292</load_address>
         <run_address>0x1a292</run_address>
         <size>0x119</size>
         <input_file_ref idref="fl-d2"/>
      </object_component>
      <object_component id="oc-1e8">
         <name>.debug_info</name>
         <load_address>0x1a3ab</load_address>
         <run_address>0x1a3ab</run_address>
         <size>0x12e</size>
         <input_file_ref idref="fl-d3"/>
      </object_component>
      <object_component id="oc-142">
         <name>.debug_info</name>
         <load_address>0x1a4d9</load_address>
         <run_address>0x1a4d9</run_address>
         <size>0x147</size>
         <input_file_ref idref="fl-d4"/>
      </object_component>
      <object_component id="oc-1d4">
         <name>.debug_info</name>
         <load_address>0x1a620</load_address>
         <run_address>0x1a620</run_address>
         <size>0x13f</size>
         <input_file_ref idref="fl-d5"/>
      </object_component>
      <object_component id="oc-2cd">
         <name>.debug_info</name>
         <load_address>0x1a75f</load_address>
         <run_address>0x1a75f</run_address>
         <size>0x134</size>
         <input_file_ref idref="fl-d6"/>
      </object_component>
      <object_component id="oc-140">
         <name>.debug_info</name>
         <load_address>0x1a893</load_address>
         <run_address>0x1a893</run_address>
         <size>0x2d4</size>
         <input_file_ref idref="fl-d7"/>
      </object_component>
      <object_component id="oc-62">
         <name>.debug_info</name>
         <load_address>0x1ab67</load_address>
         <run_address>0x1ab67</run_address>
         <size>0x1b5</size>
         <input_file_ref idref="fl-d7"/>
      </object_component>
      <object_component id="oc-13b">
         <name>.debug_info</name>
         <load_address>0x1ad1c</load_address>
         <run_address>0x1ad1c</run_address>
         <size>0x46</size>
         <input_file_ref idref="fl-d7"/>
      </object_component>
      <object_component id="oc-23f">
         <name>.debug_info</name>
         <load_address>0x1ad62</load_address>
         <run_address>0x1ad62</run_address>
         <size>0x2c</size>
         <input_file_ref idref="fl-d7"/>
      </object_component>
      <object_component id="oc-57">
         <name>.debug_info</name>
         <load_address>0x1ad8e</load_address>
         <run_address>0x1ad8e</run_address>
         <size>0x2a8</size>
         <input_file_ref idref="fl-d8"/>
      </object_component>
      <object_component id="oc-1c">
         <name>.debug_info</name>
         <load_address>0x1b036</load_address>
         <run_address>0x1b036</run_address>
         <size>0x1ea</size>
         <input_file_ref idref="fl-d8"/>
      </object_component>
      <object_component id="oc-52">
         <name>.debug_info</name>
         <load_address>0x1b220</load_address>
         <run_address>0x1b220</run_address>
         <size>0x46</size>
         <input_file_ref idref="fl-d8"/>
      </object_component>
      <object_component id="oc-133">
         <name>.debug_info</name>
         <load_address>0x1b266</load_address>
         <run_address>0x1b266</run_address>
         <size>0x2c</size>
         <input_file_ref idref="fl-d8"/>
      </object_component>
      <object_component id="oc-131">
         <name>.debug_info</name>
         <load_address>0x1b292</load_address>
         <run_address>0x1b292</run_address>
         <size>0x29e</size>
         <input_file_ref idref="fl-d9"/>
      </object_component>
      <object_component id="oc-16">
         <name>.debug_info</name>
         <load_address>0x1b530</load_address>
         <run_address>0x1b530</run_address>
         <size>0x250</size>
         <input_file_ref idref="fl-d9"/>
      </object_component>
      <object_component id="oc-42">
         <name>.debug_info</name>
         <load_address>0x1b780</load_address>
         <run_address>0x1b780</run_address>
         <size>0x60</size>
         <input_file_ref idref="fl-d9"/>
      </object_component>
      <object_component id="oc-238">
         <name>.debug_info</name>
         <load_address>0x1b7e0</load_address>
         <run_address>0x1b7e0</run_address>
         <size>0x46</size>
         <input_file_ref idref="fl-d9"/>
      </object_component>
      <object_component id="oc-12c">
         <name>.debug_info</name>
         <load_address>0x1b826</load_address>
         <run_address>0x1b826</run_address>
         <size>0x39</size>
         <input_file_ref idref="fl-d9"/>
      </object_component>
      <object_component id="oc-25">
         <name>.debug_info</name>
         <load_address>0x1b85f</load_address>
         <run_address>0x1b85f</run_address>
         <size>0x10b</size>
         <input_file_ref idref="fl-da"/>
      </object_component>
      <object_component id="oc-6b">
         <name>.debug_info</name>
         <load_address>0x1b96a</load_address>
         <run_address>0x1b96a</run_address>
         <size>0x1a9</size>
         <input_file_ref idref="fl-da"/>
      </object_component>
      <object_component id="oc-2c7">
         <name>.debug_info</name>
         <load_address>0x1bb13</load_address>
         <run_address>0x1bb13</run_address>
         <size>0x115</size>
         <input_file_ref idref="fl-db"/>
      </object_component>
      <object_component id="oc-2fa">
         <name>.debug_info</name>
         <load_address>0x1bc28</load_address>
         <run_address>0x1bc28</run_address>
         <size>0x4b3</size>
         <input_file_ref idref="fl-dc"/>
      </object_component>
      <object_component id="oc-258">
         <name>.debug_info</name>
         <load_address>0x1c0db</load_address>
         <run_address>0x1c0db</run_address>
         <size>0x1a6</size>
         <input_file_ref idref="fl-dc"/>
      </object_component>
      <object_component id="oc-334">
         <name>.debug_info</name>
         <load_address>0x1c281</load_address>
         <run_address>0x1c281</run_address>
         <size>0x39</size>
         <input_file_ref idref="fl-dc"/>
      </object_component>
      <object_component id="oc-348">
         <name>.debug_info</name>
         <load_address>0x1c2ba</load_address>
         <run_address>0x1c2ba</run_address>
         <size>0x39</size>
         <input_file_ref idref="fl-dc"/>
      </object_component>
      <object_component id="oc-339">
         <name>.debug_info</name>
         <load_address>0x1c2f3</load_address>
         <run_address>0x1c2f3</run_address>
         <size>0x39</size>
         <input_file_ref idref="fl-dc"/>
      </object_component>
      <object_component id="oc-33e">
         <name>.debug_info</name>
         <load_address>0x1c32c</load_address>
         <run_address>0x1c32c</run_address>
         <size>0xcd</size>
         <input_file_ref idref="fl-dc"/>
      </object_component>
      <object_component id="oc-148">
         <name>.debug_info</name>
         <load_address>0x1c3f9</load_address>
         <run_address>0x1c3f9</run_address>
         <size>0x153</size>
         <input_file_ref idref="fl-dd"/>
      </object_component>
      <object_component id="oc-24a">
         <name>.debug_info</name>
         <load_address>0x1c54c</load_address>
         <run_address>0x1c54c</run_address>
         <size>0x122</size>
         <input_file_ref idref="fl-df"/>
      </object_component>
      <object_component id="oc-383">
         <name>.debug_info</name>
         <load_address>0x1c66e</load_address>
         <run_address>0x1c66e</run_address>
         <size>0xb4</size>
      </object_component>
      <object_component id="oc-1b6">
         <name>.debug_line</name>
         <load_address>0x0</load_address>
         <run_address>0x0</run_address>
         <size>0x444</size>
         <input_file_ref idref="fl-2"/>
      </object_component>
      <object_component id="oc-215">
         <name>.debug_line</name>
         <load_address>0x444</load_address>
         <run_address>0x444</run_address>
         <size>0x2d</size>
         <input_file_ref idref="fl-2"/>
      </object_component>
      <object_component id="oc-219">
         <name>.debug_line</name>
         <load_address>0x471</load_address>
         <run_address>0x471</run_address>
         <size>0x2d</size>
         <input_file_ref idref="fl-2"/>
      </object_component>
      <object_component id="oc-217">
         <name>.debug_line</name>
         <load_address>0x49e</load_address>
         <run_address>0x49e</run_address>
         <size>0x2d</size>
         <input_file_ref idref="fl-2"/>
      </object_component>
      <object_component id="oc-21b">
         <name>.debug_line</name>
         <load_address>0x4cb</load_address>
         <run_address>0x4cb</run_address>
         <size>0x2d</size>
         <input_file_ref idref="fl-2"/>
      </object_component>
      <object_component id="oc-2e2">
         <name>.debug_line</name>
         <load_address>0x4f8</load_address>
         <run_address>0x4f8</run_address>
         <size>0x2d</size>
         <input_file_ref idref="fl-2"/>
      </object_component>
      <object_component id="oc-2e4">
         <name>.debug_line</name>
         <load_address>0x525</load_address>
         <run_address>0x525</run_address>
         <size>0x2d</size>
         <input_file_ref idref="fl-2"/>
      </object_component>
      <object_component id="oc-20e">
         <name>.debug_line</name>
         <load_address>0x552</load_address>
         <run_address>0x552</run_address>
         <size>0x2d</size>
         <input_file_ref idref="fl-2"/>
      </object_component>
      <object_component id="oc-213">
         <name>.debug_line</name>
         <load_address>0x57f</load_address>
         <run_address>0x57f</run_address>
         <size>0x2d</size>
         <input_file_ref idref="fl-2"/>
      </object_component>
      <object_component id="oc-21d">
         <name>.debug_line</name>
         <load_address>0x5ac</load_address>
         <run_address>0x5ac</run_address>
         <size>0x2d</size>
         <input_file_ref idref="fl-2"/>
      </object_component>
      <object_component id="oc-21f">
         <name>.debug_line</name>
         <load_address>0x5d9</load_address>
         <run_address>0x5d9</run_address>
         <size>0x2d</size>
         <input_file_ref idref="fl-2"/>
      </object_component>
      <object_component id="oc-39">
         <name>.debug_line</name>
         <load_address>0x606</load_address>
         <run_address>0x606</run_address>
         <size>0x324</size>
         <input_file_ref idref="fl-2"/>
      </object_component>
      <object_component id="oc-2c4">
         <name>.debug_line</name>
         <load_address>0x92a</load_address>
         <run_address>0x92a</run_address>
         <size>0x72</size>
         <input_file_ref idref="fl-2"/>
      </object_component>
      <object_component id="oc-190">
         <name>.debug_line</name>
         <load_address>0x99c</load_address>
         <run_address>0x99c</run_address>
         <size>0x82</size>
         <input_file_ref idref="fl-2"/>
      </object_component>
      <object_component id="oc-1ce">
         <name>.debug_line</name>
         <load_address>0xa1e</load_address>
         <run_address>0xa1e</run_address>
         <size>0x78</size>
         <input_file_ref idref="fl-2"/>
      </object_component>
      <object_component id="oc-1dd">
         <name>.debug_line</name>
         <load_address>0xa96</load_address>
         <run_address>0xa96</run_address>
         <size>0x74</size>
         <input_file_ref idref="fl-2"/>
      </object_component>
      <object_component id="oc-1ba">
         <name>.debug_line</name>
         <load_address>0xb0a</load_address>
         <run_address>0xb0a</run_address>
         <size>0x79</size>
         <input_file_ref idref="fl-2"/>
      </object_component>
      <object_component id="oc-1bf">
         <name>.debug_line</name>
         <load_address>0xb83</load_address>
         <run_address>0xb83</run_address>
         <size>0x81</size>
         <input_file_ref idref="fl-2"/>
      </object_component>
      <object_component id="oc-11e">
         <name>.debug_line</name>
         <load_address>0xc04</load_address>
         <run_address>0xc04</run_address>
         <size>0x2d</size>
         <input_file_ref idref="fl-2"/>
      </object_component>
      <object_component id="oc-12a">
         <name>.debug_line</name>
         <load_address>0xc31</load_address>
         <run_address>0xc31</run_address>
         <size>0x69</size>
         <input_file_ref idref="fl-2"/>
      </object_component>
      <object_component id="oc-19a">
         <name>.debug_line</name>
         <load_address>0xc9a</load_address>
         <run_address>0xc9a</run_address>
         <size>0x86</size>
         <input_file_ref idref="fl-2"/>
      </object_component>
      <object_component id="oc-119">
         <name>.debug_line</name>
         <load_address>0xd20</load_address>
         <run_address>0xd20</run_address>
         <size>0x8a</size>
         <input_file_ref idref="fl-2"/>
      </object_component>
      <object_component id="oc-123">
         <name>.debug_line</name>
         <load_address>0xdaa</load_address>
         <run_address>0xdaa</run_address>
         <size>0x83</size>
         <input_file_ref idref="fl-2"/>
      </object_component>
      <object_component id="oc-1c9">
         <name>.debug_line</name>
         <load_address>0xe2d</load_address>
         <run_address>0xe2d</run_address>
         <size>0x84</size>
         <input_file_ref idref="fl-2"/>
      </object_component>
      <object_component id="oc-4a">
         <name>.debug_line</name>
         <load_address>0xeb1</load_address>
         <run_address>0xeb1</run_address>
         <size>0x20</size>
         <input_file_ref idref="fl-2"/>
      </object_component>
      <object_component id="oc-94">
         <name>.debug_line</name>
         <load_address>0xed1</load_address>
         <run_address>0xed1</run_address>
         <size>0x86</size>
         <input_file_ref idref="fl-2"/>
      </object_component>
      <object_component id="oc-1c4">
         <name>.debug_line</name>
         <load_address>0xf57</load_address>
         <run_address>0xf57</run_address>
         <size>0x84</size>
         <input_file_ref idref="fl-2"/>
      </object_component>
      <object_component id="oc-19f">
         <name>.debug_line</name>
         <load_address>0xfdb</load_address>
         <run_address>0xfdb</run_address>
         <size>0x6d</size>
         <input_file_ref idref="fl-2"/>
      </object_component>
      <object_component id="oc-9e">
         <name>.debug_line</name>
         <load_address>0x1048</load_address>
         <run_address>0x1048</run_address>
         <size>0x6a</size>
         <input_file_ref idref="fl-2"/>
      </object_component>
      <object_component id="oc-114">
         <name>.debug_line</name>
         <load_address>0x10b2</load_address>
         <run_address>0x10b2</run_address>
         <size>0x76</size>
         <input_file_ref idref="fl-2"/>
      </object_component>
      <object_component id="oc-18b">
         <name>.debug_line</name>
         <load_address>0x1128</load_address>
         <run_address>0x1128</run_address>
         <size>0x65</size>
         <input_file_ref idref="fl-2"/>
      </object_component>
      <object_component id="oc-99">
         <name>.debug_line</name>
         <load_address>0x118d</load_address>
         <run_address>0x118d</run_address>
         <size>0x95</size>
         <input_file_ref idref="fl-2"/>
      </object_component>
      <object_component id="oc-195">
         <name>.debug_line</name>
         <load_address>0x1222</load_address>
         <run_address>0x1222</run_address>
         <size>0x82</size>
         <input_file_ref idref="fl-2"/>
      </object_component>
      <object_component id="oc-126">
         <name>.debug_line</name>
         <load_address>0x12a4</load_address>
         <run_address>0x12a4</run_address>
         <size>0x41</size>
         <input_file_ref idref="fl-3"/>
      </object_component>
      <object_component id="oc-3f">
         <name>.debug_line</name>
         <load_address>0x12e5</load_address>
         <run_address>0x12e5</run_address>
         <size>0x41</size>
         <input_file_ref idref="fl-3"/>
      </object_component>
      <object_component id="oc-2b">
         <name>.debug_line</name>
         <load_address>0x1326</load_address>
         <run_address>0x1326</run_address>
         <size>0xa1</size>
         <input_file_ref idref="fl-3"/>
      </object_component>
      <object_component id="oc-2b4">
         <name>.debug_line</name>
         <load_address>0x13c7</load_address>
         <run_address>0x13c7</run_address>
         <size>0x1bf</size>
         <input_file_ref idref="fl-4"/>
      </object_component>
      <object_component id="oc-aa">
         <name>.debug_line</name>
         <load_address>0x1586</load_address>
         <run_address>0x1586</run_address>
         <size>0x2f0</size>
         <input_file_ref idref="fl-4"/>
      </object_component>
      <object_component id="oc-1b3">
         <name>.debug_line</name>
         <load_address>0x1876</load_address>
         <run_address>0x1876</run_address>
         <size>0x65</size>
         <input_file_ref idref="fl-4"/>
      </object_component>
      <object_component id="oc-295">
         <name>.debug_line</name>
         <load_address>0x18db</load_address>
         <run_address>0x18db</run_address>
         <size>0x86</size>
         <input_file_ref idref="fl-4"/>
      </object_component>
      <object_component id="oc-2b8">
         <name>.debug_line</name>
         <load_address>0x1961</load_address>
         <run_address>0x1961</run_address>
         <size>0x45</size>
         <input_file_ref idref="fl-4"/>
      </object_component>
      <object_component id="oc-1a6">
         <name>.debug_line</name>
         <load_address>0x19a6</load_address>
         <run_address>0x19a6</run_address>
         <size>0x8a</size>
         <input_file_ref idref="fl-4"/>
      </object_component>
      <object_component id="oc-31f">
         <name>.debug_line</name>
         <load_address>0x1a30</load_address>
         <run_address>0x1a30</run_address>
         <size>0x20</size>
         <input_file_ref idref="fl-5"/>
      </object_component>
      <object_component id="oc-16d">
         <name>.debug_line</name>
         <load_address>0x1a50</load_address>
         <run_address>0x1a50</run_address>
         <size>0xf0</size>
         <input_file_ref idref="fl-5"/>
      </object_component>
      <object_component id="oc-2bb">
         <name>.debug_line</name>
         <load_address>0x1b40</load_address>
         <run_address>0x1b40</run_address>
         <size>0x1bf</size>
         <input_file_ref idref="fl-6"/>
      </object_component>
      <object_component id="oc-af">
         <name>.debug_line</name>
         <load_address>0x1cff</load_address>
         <run_address>0x1cff</run_address>
         <size>0x8cb</size>
         <input_file_ref idref="fl-6"/>
      </object_component>
      <object_component id="oc-2bf">
         <name>.debug_line</name>
         <load_address>0x25ca</load_address>
         <run_address>0x25ca</run_address>
[...]
         <value>0x6620</value>
         <object_component_ref idref="oc-173"/>
      </symbol>
      <symbol id="sm-5e7">
         <name>vTaskPlaceOnEventListRestricted</name>
         <value>0xd91</value>
         <object_component_ref idref="oc-85"/>
      </symbol>
      <symbol id="sm-5e8">
         <name>vTaskSetTimeOutState</name>
         <value>0x10b7</value>
         <object_component_ref idref="oc-85"/>
      </symbol>
      <symbol id="sm-5e9">
         <name>xTaskIncrementTick</name>
         <value>0x949</value>
         <object_component_ref idref="oc-85"/>
      </symbol>
      <symbol id="sm-5ea">
         <name>vTaskSwitchContext</name>
         <value>0xbe5</value>
         <object_component_ref idref="oc-85"/>
      </symbol>
      <symbol id="sm-5eb">
         <name>uxTaskResetEventItemValue</name>
         <value>0x162b</value>
         <object_component_ref idref="oc-85"/>
      </symbol>
      <symbol id="sm-5ec">
         <name>xTaskGetSchedulerState</name>
         <value>0x126d</value>
         <object_component_ref idref="oc-85"/>
      </symbol>
      <symbol id="sm-5ed">
         <name>xTaskGetCurrentTaskHandle</name>
         <value>0x125d</value>
         <object_component_ref idref="oc-85"/>
      </symbol>
      <symbol id="sm-5ee">
         <name>vTaskPlaceOnUnorderedEventList</name>
         <value>0xced</value>
         <object_component_ref idref="oc-85"/>
      </symbol>
      <symbol id="sm-5ef">
         <name>xTaskRemoveFromEventList</name>
         <value>0xe11</value>
         <object_component_ref idref="oc-85"/>
      </symbol>
      <symbol id="sm-5f0">
         <name>xTaskPriorityInherit</name>
         <value>0x129d</value>
         <object_component_ref idref="oc-85"/>
      </symbol>
      <symbol id="sm-6b7">
         <name>xTimerGetTimerDaemonTaskHandle</name>
         <value>0x4735</value>
         <object_component_ref idref="oc-108"/>
      </symbol>
      <symbol id="sm-6b8">
         <name>pcTimerGetName</name>
         <value>0x483d</value>
         <object_component_ref idref="oc-108"/>
      </symbol>
      <symbol id="sm-6b9">
         <name>xTimerCreateTimerTask</name>
         <value>0x45d9</value>
         <object_component_ref idref="oc-108"/>
      </symbol>
      <symbol id="sm-6ba">
         <name>xTimerGetExpiryTime</name>
         <value>0x480f</value>
         <object_component_ref idref="oc-108"/>
      </symbol>
      <symbol id="sm-6bb">
         <name>xTimerIsTimerActive</name>
         <value>0x4c65</value>
         <object_component_ref idref="oc-108"/>
      </symbol>
      <symbol id="sm-6bc">
         <name>xTimerGetPeriod</name>
         <value>0x4757</value>
         <object_component_ref idref="oc-108"/>
      </symbol>
      <symbol id="sm-6bd">
         <name>xTimerGetReloadMode</name>
         <value>0x47c7</value>
         <object_component_ref idref="oc-108"/>
      </symbol>
      <symbol id="sm-6be">
         <name>xTimerCreate</name>
         <value>0x4617</value>
         <object_component_ref idref="oc-108"/>
      </symbol>
      <symbol id="sm-6bf">
         <name>vTimerSetReloadMode</name>
         <value>0x477d</value>
         <object_component_ref idref="oc-108"/>
      </symbol>
      <symbol id="sm-6c0">
         <name>xTimerGenericCommand</name>
         <value>0x46b5</value>
         <object_component_ref idref="oc-108"/>
      </symbol>
      <symbol id="sm-6c1">
         <name>uxTimerGetReloadMode</name>
         <value>0x4803</value>
         <object_component_ref idref="oc-108"/>
      </symbol>
      <symbol id="sm-6c2">
         <name>pvTimerGetTimerID</name>
         <value>0x4ca1</value>
         <object_component_ref idref="oc-108"/>
      </symbol>
      <symbol id="sm-6c3">
         <name>xTimerPendFunctionCallFromISR</name>
         <value>0x4cfd</value>
         <object_component_ref idref="oc-108"/>
      </symbol>
      <symbol id="sm-6c4">
         <name>xTimerPendFunctionCall</name>
         <value>0x4d33</value>
         <object_component_ref idref="oc-108"/>
      </symbol>
      <symbol id="sm-6c5">
         <name>vTimerSetTimerID</name>
         <value>0x4ccf</value>
         <object_component_ref idref="oc-108"/>
      </symbol>
      <symbol id="sm-716">
         <name>ulMaxSyscallInterruptPriority</name>
         <value>0x6610</value>
         <object_component_ref idref="oc-82"/>
      </symbol>
      <symbol id="sm-717">
         <name>vPortSetupTimerInterrupt</name>
         <value>0x5491</value>
         <object_component_ref idref="oc-32"/>
      </symbol>
      <symbol id="sm-718">
         <name>vPortEndScheduler</name>
         <value>0x53d9</value>
         <object_component_ref idref="oc-32"/>
      </symbol>
      <symbol id="sm-719">
         <name>xPortSysTickHandler</name>
         <value>0x546b</value>
         <object_component_ref idref="oc-32"/>
      </symbol>
      <symbol id="sm-71a">
         <name>vPortValidateInterruptPriority</name>
         <value>0x54ab</value>
         <object_component_ref idref="oc-32"/>
      </symbol>
      <symbol id="sm-71b">
         <name>pxPortInitialiseStack</name>
         <value>0x5295</value>
         <object_component_ref idref="oc-32"/>
      </symbol>
      <symbol id="sm-71c">
         <name>vPortExitCritical</name>
         <value>0x543f</value>
         <object_component_ref idref="oc-32"/>
      </symbol>
      <symbol id="sm-71d">
         <name>xPortStartScheduler</name>
         <value>0x5321</value>
         <object_component_ref idref="oc-32"/>
      </symbol>
      <symbol id="sm-71e">
         <name>vPortEnterCritical</name>
         <value>0x53fd</value>
         <object_component_ref idref="oc-32"/>
      </symbol>
      <symbol id="sm-72d">
         <name>vPortStartFirstTask</name>
         <value>0x5f35</value>
         <object_component_ref idref="oc-2d"/>
      </symbol>
      <symbol id="sm-72e">
         <name>ulPortGetIPSR</name>
         <value>0x5e9d</value>
         <object_component_ref idref="oc-2d"/>
      </symbol>
      <symbol id="sm-72f">
         <name>vPortEnableVFP</name>
         <value>0x5f59</value>
         <object_component_ref idref="oc-2d"/>
      </symbol>
      <symbol id="sm-730">
         <name>xPortPendSVHandler</name>
         <value>0x5eb5</value>
         <object_component_ref idref="oc-2d"/>
      </symbol>
      <symbol id="sm-731">
         <name>vPortSVCHandler</name>
         <value>0x5f15</value>
         <object_component_ref idref="oc-2d"/>
      </symbol>
      <symbol id="sm-789">
         <name>vPortInitialiseBlocks</name>
         <value>0x5733</value>
         <object_component_ref idref="oc-163"/>
      </symbol>
      <symbol id="sm-78a">
         <name>xPortGetFreeHeapSize</name>
         <value>0x572d</value>
         <object_component_ref idref="oc-163"/>
      </symbol>
      <symbol id="sm-78b">
         <name>pvPortCalloc</name>
         <value>0x5735</value>
         <object_component_ref idref="oc-163"/>
      </symbol>
      <symbol id="sm-78c">
         <name>pvPortMalloc</name>
         <value>0x5549</value>
         <object_component_ref idref="oc-163"/>
      </symbol>
      <symbol id="sm-78d">
         <name>vPortFree</name>
         <value>0x566f</value>
         <object_component_ref idref="oc-163"/>
      </symbol>
      <symbol id="sm-7a0">
         <name>RGB_BlueLedOff</name>
         <value>0x5ffb</value>
         <object_component_ref idref="oc-dc"/>
      </symbol>
      <symbol id="sm-7a1">
         <name>RGB_GreenLedOn</name>
         <value>0x5fbf</value>
         <object_component_ref idref="oc-dc"/>
      </symbol>
      <symbol id="sm-7a2">
         <name>RGB_RedLedOn</name>
         <value>0x5f97</value>
         <object_component_ref idref="oc-dc"/>
      </symbol>
      <symbol id="sm-7a3">
         <name>RGB_GreenLedOff</name>
         <value>0x5fd3</value>
         <object_component_ref idref="oc-dc"/>
      </symbol>
      <symbol id="sm-7a4">
         <name>RGB_BlueLedOn</name>
         <value>0x5fe7</value>
         <object_component_ref idref="oc-dc"/>
      </symbol>
      <symbol id="sm-7a5">
         <name>RGB_Init</name>
         <value>0x5f67</value>
         <object_component_ref idref="oc-dc"/>
      </symbol>
      <symbol id="sm-7a6">
         <name>RGB_RedLedOff</name>
         <value>0x5fab</value>
         <object_component_ref idref="oc-dc"/>
      </symbol>
      <symbol id="sm-7bc">
         <name>TEMP_Init</name>
         <value>0x6011</value>
         <object_component_ref idref="oc-d6"/>
      </symbol>
      <symbol id="sm-7bd">
         <name>TEMP_Read</name>
         <value>0x6033</value>
         <object_component_ref idref="oc-d6"/>
      </symbol>
      <symbol id="sm-7dc">
         <name>ADC0_Seq3SetChannel</name>
         <value>0x60e9</value>
         <object_component_ref idref="oc-1df"/>
      </symbol>
      <symbol id="sm-7dd">
         <name>ADC0_Seq3Init</name>
         <value>0x60b9</value>
         <object_component_ref idref="oc-1df"/>
      </symbol>
      <symbol id="sm-7de">
         <name>ADC_channels</name>
         <value>0x65f8</value>
         <object_component_ref idref="oc-203"/>
      </symbol>
      <symbol id="sm-7df">
         <name>ADC0_Seq3ReadValue</name>
         <value>0x6111</value>
         <object_component_ref idref="oc-1df"/>
      </symbol>
      <symbol id="sm-87d">
         <name>GPIO_ADCTriggerEnable</name>
         <value>0x4499</value>
         <object_component_ref idref="oc-d0"/>
      </symbol>
      <symbol id="sm-87e">
         <name>GPIO_SW1GetState</name>
         <value>0x3dd5</value>
         <object_component_ref idref="oc-d0"/>
      </symbol>
      <symbol id="sm-87f">
         <name>GPIO_GreenLedOn</name>
         <value>0x3d81</value>
         <object_component_ref idref="oc-d0"/>
      </symbol>
      <symbol id="sm-880">
         <name>GPIO_BlueLedToggle</name>
         <value>0x3dbd</value>
         <object_component_ref idref="oc-d0"/>
      </symbol>
      <symbol id="sm-881">
         <name>GPIO_ADCTriggerDisable</name>
         <value>0x43e1</value>
         <object_component_ref idref="oc-d0"/>
      </symbol>
      <symbol id="sm-882">
         <name>GPIO_SW2GetState</name>
         <value>0x3ddf</value>
         <object_component_ref idref="oc-d0"/>
      </symbol>
      <symbol id="sm-883">
         <name>GPIO_DirModeSet</name>
         <value>0x3e85</value>
         <object_component_ref idref="oc-d0"/>
      </symbol>
      <symbol id="sm-884">
         <name>GPIO_SW2EdgeTriggeredInterruptInit</name>
         <value>0x3e37</value>
         <object_component_ref idref="oc-d0"/>
      </symbol>
      <symbol id="sm-885">
         <name>GPIO_BuiltinButtonsLedsInit</name>
         <value>0x3cf5</value>
         <object_component_ref idref="oc-d0"/>
      </symbol>
      <symbol id="sm-886">
         <name>GPIO_PinRead</name>
         <value>0x4311</value>
         <object_component_ref idref="oc-d0"/>
      </symbol>
      <symbol id="sm-887">
         <name>GPIO_RedLedToggle</name>
         <value>0x3db1</value>
         <object_component_ref idref="oc-d0"/>
      </symbol>
      <symbol id="sm-888">
         <name>GPIO_PinWrite</name>
         <value>0x419d</value>
         <object_component_ref idref="oc-d0"/>
      </symbol>
      <symbol id="sm-889">
         <name>GPIO_BlueLedOff</name>
         <value>0x3d99</value>
         <object_component_ref idref="oc-d0"/>
      </symbol>
      <symbol id="sm-88a">
         <name>GPIO_SW1EdgeTriggeredInterruptInit</name>
         <value>0x3de9</value>
         <object_component_ref idref="oc-d0"/>
      </symbol>
      <symbol id="sm-88b">
         <name>GPIO_GreenLedOff</name>
         <value>0x3da5</value>
         <object_component_ref idref="oc-d0"/>
      </symbol>
      <symbol id="sm-88c">
         <name>GPIO_GreenLedToggle</name>
         <value>0x3dc9</value>
         <object_component_ref idref="oc-d0"/>
      </symbol>
      <symbol id="sm-88d">
         <name>GPIO_RedLedOff</name>
         <value>0x3d8d</value>
         <object_component_ref idref="oc-d0"/>
      </symbol>
      <symbol id="sm-88e">
         <name>GPIO_DirModeGet</name>
         <value>0x40a5</value>
         <object_component_ref idref="oc-d0"/>
      </symbol>
      <symbol id="sm-88f">
         <name>GPIO_BlueLedOn</name>
         <value>0x3d75</value>
         <object_component_ref idref="oc-d0"/>
      </symbol>
      <symbol id="sm-890">
         <name>GPIO_RedLedOn</name>
         <value>0x3d69</value>
         <object_component_ref idref="oc-d0"/>
      </symbol>
      <symbol id="sm-8a2">
         <name>GPTM_WTimer0Init</name>
         <value>0x6445</value>
         <object_component_ref idref="oc-ca"/>
      </symbol>
      <symbol id="sm-8a3">
         <name>GPTM_WTimer0Read</name>
         <value>0x6475</value>
         <object_component_ref idref="oc-ca"/>
      </symbol>
      <symbol id="sm-8d6">
         <name>SysCtl_PeripheralEnable</name>
         <value>0x599d</value>
         <object_component_ref idref="oc-be"/>
      </symbol>
      <symbol id="sm-8d7">
         <name>SysCtl_PeripheralDisable</name>
         <value>0x5a7d</value>
         <object_component_ref idref="oc-be"/>
      </symbol>
      <symbol id="sm-905">
         <name>UART0_SendInteger</name>
         <value>0x58bd</value>
         <object_component_ref idref="oc-c4"/>
      </symbol>
      <symbol id="sm-906">
         <name>UART0_ReceiveByte</name>
         <value>0x5887</value>
         <object_component_ref idref="oc-c4"/>
      </symbol>
      <symbol id="sm-907">
         <name>UART0_SendByte</name>
         <value>0x586b</value>
         <object_component_ref idref="oc-c4"/>
      </symbol>
      <symbol id="sm-908">
         <name>UART0_Init</name>
         <value>0x582b</value>
         <object_component_ref idref="oc-c4"/>
      </symbol>
      <symbol id="sm-909">
         <name>UART0_SendString</name>
         <value>0x5897</value>
         <object_component_ref idref="oc-c4"/>
      </symbol>
      <symbol id="sm-91d">
         <name>__aeabi_ddiv</name>
         <value>0x5b31</value>
         <object_component_ref idref="oc-1ef"/>
      </symbol>
      <symbol id="sm-928">
         <name>__aeabi_dmul</name>
         <value>0x5d91</value>
         <object_component_ref idref="oc-1ea"/>
      </symbol>
      <symbol id="sm-932">
         <name>__aeabi_d2iz</name>
         <value>0x6499</value>
         <object_component_ref idref="oc-1fe"/>
      </symbol>
      <symbol id="sm-93e">
         <name>__aeabi_d2f</name>
         <value>0x6301</value>
         <object_component_ref idref="oc-1f4"/>
      </symbol>
      <symbol id="sm-949">
         <name>__aeabi_f2d</name>
         <value>0x6525</value>
         <object_component_ref idref="oc-1f9"/>
      </symbol>
      <symbol id="sm-952">
         <name>__aeabi_lmul</name>
         <value>0x65b1</value>
         <object_component_ref idref="oc-a0"/>
      </symbol>
      <symbol id="sm-96d">
         <name>memcpy</name>
         <value>0x6155</value>
         <object_component_ref idref="oc-4c"/>
      </symbol>
      <symbol id="sm-96e">
         <name>__aeabi_memcpy</name>
         <value>0x6155</value>
         <object_component_ref idref="oc-4c"/>
      </symbol>
      <symbol id="sm-96f">
         <name>__aeabi_memcpy8</name>
         <value>0x6155</value>
         <object_component_ref idref="oc-4c"/>
      </symbol>
      <symbol id="sm-970">
         <name>__aeabi_memcpy4</name>
         <value>0x6155</value>
         <object_component_ref idref="oc-4c"/>
      </symbol>
      <symbol id="sm-97a">
         <name>__aeabi_ui2d</name>
         <value>0x6591</value>
         <object_component_ref idref="oc-1e5"/>
      </symbol>
      <symbol id="sm-989">
         <name>__aeabi_memset</name>
         <value>0x6289</value>
         <object_component_ref idref="oc-141"/>
      </symbol>
      <symbol id="sm-98a">
         <name>memset</name>
         <value>0x628f</value>
         <object_component_ref idref="oc-141"/>
      </symbol>
      <symbol id="sm-98b">
         <name>__aeabi_memset8</name>
         <value>0x6289</value>
         <object_component_ref idref="oc-141"/>
      </symbol>
      <symbol id="sm-98c">
         <name>__aeabi_memset4</name>
         <value>0x6289</value>
         <object_component_ref idref="oc-141"/>
      </symbol>
      <symbol id="sm-98d">
         <name>__aeabi_memclr8</name>
         <value>0x6287</value>
         <object_component_ref idref="oc-141"/>
      </symbol>
      <symbol id="sm-98e">
         <name>__aeabi_memclr4</name>
         <value>0x6287</value>
         <object_component_ref idref="oc-141"/>
      </symbol>
      <symbol id="sm-98f">
         <name>__aeabi_memclr</name>
         <value>0x6287</value>
         <object_component_ref idref="oc-141"/>
      </symbol>
      <symbol id="sm-99d">
         <name>__aeabi_ldivmod</name>
         <value>0x636f</value>
         <object_component_ref idref="oc-1d1"/>
      </symbol>
      <symbol id="sm-9aa">
         <name>__aeabi_uldivmod</name>
         <value>0x61f1</value>
         <object_component_ref idref="oc-2cb"/>
      </symbol>
      <symbol id="sm-9c1">
         <name>__TI_zero_init</name>
         <value>0x65d7</value>
         <object_component_ref idref="oc-5e"/>
      </symbol>
      <symbol id="sm-9d8">
         <name>__TI_decompress_none</name>
         <value>0x65c9</value>
         <object_component_ref idref="oc-1b"/>
      </symbol>
      <symbol id="sm-9fb">
         <name>__TI_decompress_lzss</name>
         <value>0x63dd</value>
         <object_component_ref idref="oc-15"/>
      </symbol>
      <symbol id="sm-a0e">
         <name>__stack</name>
         <value>0x20002f10</value>
         <object_component_ref idref="oc-24"/>
      </symbol>
      <symbol id="sm-a0f">
         <name>_c_int00_noargs</name>
         <value>0x655d</value>
         <object_component_ref idref="oc-6a"/>
      </symbol>
      <symbol id="sm-a19">
         <name>__aeabi_idiv0</name>
         <value>0x5293</value>
         <object_component_ref idref="oc-2c6"/>
      </symbol>
      <symbol id="sm-a1a">
         <name>__aeabi_ldiv0</name>
         <value>0x5293</value>
         <object_component_ref idref="oc-2c6"/>
      </symbol>
      <symbol id="sm-a42">
         <name>__TI_auto_init_nobinit_nopinit</name>
         <value>0x64e1</value>
         <object_component_ref idref="oc-254"/>
      </symbol>
      <symbol id="sm-a4c">
         <name>_system_pre_init</name>
         <value>0x65ef</value>
         <object_component_ref idref="oc-147"/>
      </symbol>
      <symbol id="sm-a58">
         <name>C$$EXIT</name>
         <value>0x65f3</value>
         <object_component_ref idref="oc-248"/>
      </symbol>
      <symbol id="sm-a59">
         <name>abort</name>
         <value>0x65f3</value>
         <object_component_ref idref="oc-248"/>
      </symbol>
      <symbol id="sm-a5c">
         <name>__TI_static_base__</name>
         <value>0x0</value>
      </symbol>
      <symbol id="sm-a5f">
         <name>__mpu_init</name>
         <value>0x0</value>
      </symbol>
      <symbol id="sm-a60">
         <name>_system_post_cinit</name>
         <value>0x0</value>
      </symbol>
   </symbol_table>
   <title>Link successful</title>
</link_info>
