******************************************************************************
                  TI ARM Linker PC v20.2.7                     
******************************************************************************
>> Linked Tue Aug 20 03:04:55 2024

OUTPUT FILE NAME:   <SeatHeater.out>
ENTRY POINT SYMBOL: "_c_int00_noargs"  address: 000021f5


MEMORY CONFIGURATION

         name            origin    length      used     unused   attr    fill
----------------------  --------  ---------  --------  --------  ----  --------
  FLASH                 00000000   00040000  000022b0  0003dd50  R  X
  SRAM                  20000000   00008000  000012fc  00006d04  RW X


SEGMENT ALLOCATION MAP

run origin  load origin   length   init length attrs members
----------  ----------- ---------- ----------- ----- -------
00000000    00000000    000022b0   000022b0    r-x
  00000000    00000000    0000026c   0000026c    r-- .intvecs
  0000026c    0000026c    00001ff8   00001ff8    r-x .text
  00002264    00002264    0000000c   0000000c    r-- .const
  00002270    00002270    00000040   00000040    r-- .cinit
20000000    20000000    000012fc   00000000    rw-
  20000000    20000000    000010b8   00000000    rw- .bss
  200010b8    200010b8    00000200   00000000    rw- .stack
  200012b8    200012b8    00000044   00000000    rw- .data


SECTION ALLOCATION MAP

 output                                  attributes/
section   page    origin      length       input sections
--------  ----  ----------  ----------   ----------------
.intvecs   0    00000000    0000026c     
                  00000000    0000026c     tm4c123gh6pm_startup_ccs.obj (.intvecs)

.text      0    0000026c    00001ff8     
                  0000026c    00001680     tasks.obj (.text)
                  000018ec    000002b4     port.obj (.text)
                  00001ba0    0000028c     heap_2.obj (.text)
                  00001e2c    0000012a     list.obj (.text)
                  00001f56    00000002     --HOLE-- [fill = 0]
                  00001f58    000000da     portasm.obj (.text)
                  00002032    0000009c     rtsv7M4_T_le_v4SPD16_eabi.lib : memcpy_t2.asm.obj (.text)
                  000020ce    0000007a                                   : memset_t2.asm.obj (.text)
                  00002148    00000068                                   : copy_decompress_lzss.c.obj (.text:decompress:lzss:__TI_decompress_lzss)
                  000021b0    00000044                                   : autoinit.c.obj (.text:__TI_auto_init_nobinit_nopinit:__TI_auto_init_nobinit_nopinit)
                  000021f4    00000034                                   : boot_cortex_m.c.obj (.text:_c_int00_noargs:_c_int00_noargs)
                  00002228    0000000e                                   : copy_decompress_none.c.obj (.text:decompress:none:__TI_decompress_none)
                  00002236    0000000e     main.obj (.text)
                  00002244    0000000c     rtsv7M4_T_le_v4SPD16_eabi.lib : copy_zero_init.c.obj (.text:decompress:ZI:__TI_zero_init)
                  00002250    0000000c     tm4c123gh6pm_startup_ccs.obj (.text)
                  0000225c    00000004     rtsv7M4_T_le_v4SPD16_eabi.lib : pre_init.c.obj (.text:_system_pre_init)
                  00002260    00000004                                   : exit.c.obj (.text:abort:abort)

.const     0    00002264    0000000c     
                  00002264    00000008     port.obj (.const)
                  0000226c    00000004     tasks.obj (.const)

.cinit     0    00002270    00000040     
                  00002270    00000016     (.cinit..data.load) [load image, compression = lzss]
                  00002286    00000002     --HOLE-- [fill = 0]
                  00002288    0000000c     (__TI_handler_table)
                  00002294    00000004     --HOLE-- [fill = 0]
                  00002298    00000008     (.cinit..bss.load) [load image, compression = zero_init]
                  000022a0    00000010     (__TI_cinit_table)

.init_array 
*          0    00000000    00000000     UNINITIALIZED

.bss       0    20000000    000010b8     UNINITIALIZED
                  20000000    00001000     heap_2.obj (.bss:ucHeap)
                  20001000    00000064     tasks.obj (.bss:pxReadyTasksLists)
                  20001064    00000014     tasks.obj (.bss:xDelayedTaskList1)
                  20001078    00000014     tasks.obj (.bss:xDelayedTaskList2)
                  2000108c    00000014     tasks.obj (.bss:xPendingReadyList)
                  200010a0    00000008     tasks.obj (.bss)
                  200010a8    00000008     heap_2.obj (.bss:xEnd)
                  200010b0    00000008     heap_2.obj (.bss:xStart)

.data      0    200012b8    00000044     UNINITIALIZED
                  200012b8    00000030     tasks.obj (.data)
                  200012e8    0000000c     port.obj (.data)
                  200012f4    00000008     heap_2.obj (.data)

.stack     0    200010b8    00000200     UNINITIALIZED
                  200010b8    00000004     rtsv7M4_T_le_v4SPD16_eabi.lib : boot_cortex_m.c.obj (.stack)
                  200010bc    000001fc     --HOLE--

__llvm_prf_cnts 
*          0    20000000    00000000     UNINITIALIZED

MODULE SUMMARY

       Module                         code   ro data   rw data
       ------                         ----   -------   -------
    .\
       tm4c123gh6pm_startup_ccs.obj   12     620       0      
       main.obj                       14     0         0      
    +--+------------------------------+------+---------+---------+
       Total:                         26     620       0      
                                                              
    .\FreeRTOS\Source\
       tasks.obj                      5760   4         216    
       list.obj                       298    0         0      
    +--+------------------------------+------+---------+---------+
       Total:                         6058   4         216    
                                                              
    .\FreeRTOS\Source\portable\CCS\ARM_CM4F\
       port.obj                       692    8         12     
       portasm.obj                    218    0         0      
    +--+------------------------------+------+---------+---------+
       Total:                         910    8         12     
                                                              
    .\FreeRTOS\Source\portable\MemMang\
       heap_2.obj                     652    0         4120   
    +--+------------------------------+------+---------+---------+
       Total:                         652    0         4120   
                                                              
    D:\IDEs\ccs\tools\compiler\ti-cgt-arm_20.2.7.LTS\lib\rtsv7M4_T_le_v4SPD16_eabi.lib
       memcpy_t2.asm.obj              156    0         0      
       memset_t2.asm.obj              122    0         0      
       copy_decompress_lzss.c.obj     104    0         0      
       autoinit.c.obj                 68     0         0      
       boot_cortex_m.c.obj            52     0         0      
       copy_decompress_none.c.obj     14     0         0      
       copy_zero_init.c.obj           12     0         0      
       exit.c.obj                     4      0         0      
       pre_init.c.obj                 4      0         0      
    +--+------------------------------+------+---------+---------+
       Total:                         536    0         0      
                                                              
       Stack:                         0      0         512    
       Linker Generated:              0      58        0      
    +--+------------------------------+------+---------+---------+
       Grand Total:                   8182   690       4860   


LINKER GENERATED COPY TABLES

__TI_cinit_table @ 000022a0 records: 2, size/record: 8, table size: 16
	.data: load addr=00002270, load size=00000016 bytes, run addr=200012b8, run size=00000044 bytes, compression=lzss
	.bss: load addr=00002298, load size=00000008 bytes, run addr=20000000, run size=000010b8 bytes, compression=zero_init


LINKER GENERATED HANDLER TABLE

__TI_handler_table @ 00002288 records: 3, size/record: 4, table size: 12
	index: 0, handler: __TI_decompress_lzss
	index: 1, handler: __TI_decompress_none
	index: 2, handler: __TI_zero_init


GLOBAL SYMBOLS: SORTED ALPHABETICALLY BY Name 

address   name                             
-------   ----                             
00002261  C$$EXIT                          
00002251  ResetISR                         
200012b8  __STACK_END                      
00000200  __STACK_SIZE                     
200012b8  __STACK_TOP                      
000022a0  __TI_CINIT_Base                  
000022b0  __TI_CINIT_Limit                 
00002288  __TI_Handler_Table_Base          
00002294  __TI_Handler_Table_Limit         
000021b1  __TI_auto_init_nobinit_nopinit   
00002149  __TI_decompress_lzss             
00002229  __TI_decompress_none             
ffffffff  __TI_pprof_out_hndl              
ffffffff  __TI_prof_data_size              
ffffffff  __TI_prof_data_start             
00000000  __TI_static_base__               
00002245  __TI_zero_init                   
000020cf  __aeabi_memclr                   
000020cf  __aeabi_memclr4                  
000020cf  __aeabi_memclr8                  
00002033  __aeabi_memcpy                   
00002033  __aeabi_memcpy4                  
00002033  __aeabi_memcpy8                  
000020d1  __aeabi_memset                   
000020d1  __aeabi_memset4                  
000020d1  __aeabi_memset8                  
ffffffff  __binit__                        
ffffffff  __c_args__                       
UNDEFED   __mpu_init                       
200010b8  __stack                          
20000000  __start___llvm_prf_cnts          
20000000  __stop___llvm_prf_cnts           
000021f5  _c_int00_noargs                  
UNDEFED   _system_post_cinit               
0000225d  _system_pre_init                 
00002261  abort                            
ffffffff  binit                            
00000000  g_pfnVectors                     
00002237  main                             
00002033  memcpy                           
000020d7  memset                           
0000078f  pcTaskGetName                    
00001d8d  pvPortCalloc                     
00001ba1  pvPortMalloc                     
200012b8  pxCurrentTCB                     
000018ed  pxPortInitialiseStack            
00002264  ulMaxSyscallInterruptPriority    
00001f69  ulPortGetIPSR                    
00000ff1  ulTaskGenericNotifyTake          
00001805  ulTaskGenericNotifyValueClear    
00001f0f  uxListRemove                     
00000789  uxTaskGetNumberOfTasks           
00000fcf  uxTaskResetEventItemValue        
0000226c  uxTopUsedPriority                
00001e2d  vListInitialise                  
00001e5d  vListInitialiseItem              
00001ea9  vListInsert                      
00001e6d  vListInsertEnd                   
00002025  vPortEnableVFP                   
00001a31  vPortEndScheduler                
00001a55  vPortEnterCritical               
00001a97  vPortExitCritical                
00001cc7  vPortFree                        
00001d8b  vPortInitialiseBlocks            
00001fe1  vPortSVCHandler                  
00001ae9  vPortSetupTimerInterrupt         
00002001  vPortStartFirstTask              
00001b03  vPortValidateInterruptPriority   
000004b9  vTaskDelay                       
00000575  vTaskEndScheduler                
000015ed  vTaskGenericNotifyGiveFromISR    
00000e4d  vTaskInternalSetTimeOutState     
00000f11  vTaskMissedYield                 
00000a81  vTaskPlaceOnEventList            
00000ac5  vTaskPlaceOnUnorderedEventList   
00000cdb  vTaskRemoveFromUnorderedEventList
00000e1b  vTaskSetTimeOutState             
0000050b  vTaskStartScheduler              
00000591  vTaskSuspendAll                  
000009f5  vTaskSwitchContext               
00001d85  xPortGetFreeHeapSize             
00001f81  xPortPendSVHandler               
00001979  xPortStartScheduler              
00001ac3  xPortSysTickHandler              
000007d9  xTaskCatchUpTicks                
00000e75  xTaskCheckForTimeOut             
0000026d  xTaskCreate                      
000011b1  xTaskGenericNotify               
00001397  xTaskGenericNotifyFromISR        
0000179d  xTaskGenericNotifyStateClear     
000010b1  xTaskGenericNotifyWait           
00000fbf  xTaskGetCurrentTaskHandle        
00000761  xTaskGetTickCount                
00000775  xTaskGetTickCountFromISR         
00000831  xTaskIncrementTick               
00000b65  xTaskRemoveFromEventList         
000005a9  xTaskResumeAll                   


GLOBAL SYMBOLS: SORTED BY Symbol Address 

address   name                             
-------   ----                             
00000000  __TI_static_base__               
00000000  g_pfnVectors                     
00000200  __STACK_SIZE                     
0000026d  xTaskCreate                      
000004b9  vTaskDelay                       
0000050b  vTaskStartScheduler              
00000575  vTaskEndScheduler                
00000591  vTaskSuspendAll                  
000005a9  xTaskResumeAll                   
00000761  xTaskGetTickCount                
00000775  xTaskGetTickCountFromISR         
00000789  uxTaskGetNumberOfTasks           
0000078f  pcTaskGetName                    
000007d9  xTaskCatchUpTicks                
00000831  xTaskIncrementTick               
000009f5  vTaskSwitchContext               
00000a81  vTaskPlaceOnEventList            
00000ac5  vTaskPlaceOnUnorderedEventList   
00000b65  xTaskRemoveFromEventList         
00000cdb  vTaskRemoveFromUnorderedEventList
00000e1b  vTaskSetTimeOutState             
00000e4d  vTaskInternalSetTimeOutState     
00000e75  xTaskCheckForTimeOut             
00000f11  vTaskMissedYield                 
00000fbf  xTaskGetCurrentTaskHandle        
00000fcf  uxTaskResetEventItemValue        
00000ff1  ulTaskGenericNotifyTake          
000010b1  xTaskGenericNotifyWait           
000011b1  xTaskGenericNotify               
00001397  xTaskGenericNotifyFromISR        
000015ed  vTaskGenericNotifyGiveFromISR    
0000179d  xTaskGenericNotifyStateClear     
00001805  ulTaskGenericNotifyValueClear    
000018ed  pxPortInitialiseStack            
00001979  xPortStartScheduler              
00001a31  vPortEndScheduler                
00001a55  vPortEnterCritical               
00001a97  vPortExitCritical                
00001ac3  xPortSysTickHandler              
00001ae9  vPortSetupTimerInterrupt         
00001b03  vPortValidateInterruptPriority   
00001ba1  pvPortMalloc                     
00001cc7  vPortFree                        
00001d85  xPortGetFreeHeapSize             
00001d8b  vPortInitialiseBlocks            
00001d8d  pvPortCalloc                     
00001e2d  vListInitialise                  
00001e5d  vListInitialiseItem              
00001e6d  vListInsertEnd                   
00001ea9  vListInsert                      
00001f0f  uxListRemove                     
00001f69  ulPortGetIPSR                    
00001f81  xPortPendSVHandler               
00001fe1  vPortSVCHandler                  
00002001  vPortStartFirstTask              
00002025  vPortEnableVFP                   
00002033  __aeabi_memcpy                   
00002033  __aeabi_memcpy4                  
00002033  __aeabi_memcpy8                  
00002033  memcpy                           
000020cf  __aeabi_memclr                   
000020cf  __aeabi_memclr4                  
000020cf  __aeabi_memclr8                  
000020d1  __aeabi_memset                   
000020d1  __aeabi_memset4                  
000020d1  __aeabi_memset8                  
000020d7  memset                           
00002149  __TI_decompress_lzss             
000021b1  __TI_auto_init_nobinit_nopinit   
000021f5  _c_int00_noargs                  
00002229  __TI_decompress_none             
00002237  main                             
00002245  __TI_zero_init                   
00002251  ResetISR                         
0000225d  _system_pre_init                 
00002261  C$$EXIT                          
00002261  abort                            
00002264  ulMaxSyscallInterruptPriority    
0000226c  uxTopUsedPriority                
00002288  __TI_Handler_Table_Base          
00002294  __TI_Handler_Table_Limit         
000022a0  __TI_CINIT_Base                  
000022b0  __TI_CINIT_Limit                 
20000000  __start___llvm_prf_cnts          
20000000  __stop___llvm_prf_cnts           
200010b8  __stack                          
200012b8  __STACK_END                      
200012b8  __STACK_TOP                      
200012b8  pxCurrentTCB                     
ffffffff  __TI_pprof_out_hndl              
ffffffff  __TI_prof_data_size              
ffffffff  __TI_prof_data_start             
ffffffff  __binit__                        
ffffffff  __c_args__                       
ffffffff  binit                            
UNDEFED   __mpu_init                       
UNDEFED   _system_post_cinit               

[97 symbols]
