******************************************************************************
                  TI ARM Linker PC v20.2.7                     
******************************************************************************
>> Linked Sat Aug 24 21:14:22 2024

OUTPUT FILE NAME:   <SeatHeater.out>
ENTRY POINT SYMBOL: "_c_int00_noargs"  address: 0000655d


MEMORY CONFIGURATION

         name            origin    length      used     unused   attr    fill
----------------------  --------  ---------  --------  --------  ----  --------
  FLASH                 00000000   00040000  000066b2  0003994e  R  X
  SRAM                  20000000   00008000  000031ce  00004e32  RW X


SEGMENT ALLOCATION MAP

run origin  load origin   length   init length attrs members
----------  ----------- ---------- ----------- ----- -------
00000000    00000000    000066b8   000066b8    r-x
  00000000    00000000    0000026c   0000026c    r-- .intvecs
  0000026c    0000026c    0000638a   0000638a    r-x .text
  000065f8    000065f8    0000002c   0000002c    r-- .const
  00006628    00006628    00000090   00000090    r-- .cinit
20000000    20000000    000031d2   00000000    rw-
  20000000    20000000    00002f0c   00000000    rw- .bss
  20002f10    20002f10    00000200   00000000    rw- .stack
  20003110    20003110    000000c2   00000000    rw- .data


SECTION ALLOCATION MAP

 output                                  attributes/
section   page    origin      length       input sections
--------  ----  ----------  ----------   ----------------
.intvecs   0    00000000    0000026c     
                  00000000    0000026c     tm4c123gh6pm_startup_ccs.obj (.intvecs)

.text      0    0000026c    0000638a     
                  0000026c    00001cdc     tasks.obj (.text)
                  00001f48    0000122c     queue.obj (.text)
                  00003174    00000b80     main.obj (.text)
                  00003cf4    000008e4     gpio.obj (.text)
                  000045d8    000007bc     timers.obj (.text)
                  00004d94    000004fe     event_groups.obj (.text)
                  00005292    00000002     rtsv7M4_T_le_v4SPD16_eabi.lib : div0.asm.obj (.text)
                  00005294    000002b4     port.obj (.text)
                  00005548    0000028c     heap_2.obj (.text)
                  000057d4    000001c8     uart0.obj (.text)
                  0000599c    00000194     sysctl.obj (.text)
                  00005b30    00000136     rtsv7M4_T_le_v4SPD16_eabi.lib : fd_div_t2.asm.obj (.text)
                  00005c66    0000012a     list.obj (.text)
                  00005d90    000000fc     rtsv7M4_T_le_v4SPD16_eabi.lib : fd_mul_t2.asm.obj (.text)
                  00005e8c    000000da     portasm.obj (.text)
                  00005f66    000000a8     rgb_led.obj (.text)
                  0000600e    00000002     --HOLE-- [fill = 0]
                  00006010    000000a8     temp_sensor.obj (.text)
                  000060b8    0000009c     adc.obj (.text)
                  00006154    0000009c     rtsv7M4_T_le_v4SPD16_eabi.lib : memcpy_t2.asm.obj (.text)
                  000061f0    00000096                                   : ull_div_t2.asm.obj (.text)
                  00006286    0000007a                                   : memset_t2.asm.obj (.text)
                  00006300    0000006e                                   : fd_tos_t2.asm.obj (.text)
                  0000636e    0000006e                                   : ll_div_t2.asm.obj (.text)
                  000063dc    00000068                                   : copy_decompress_lzss.c.obj (.text:decompress:lzss:__TI_decompress_lzss)
                  00006444    00000054     GPTM.obj (.text)
                  00006498    00000048     rtsv7M4_T_le_v4SPD16_eabi.lib : fd_toi_t2.asm.obj (.text)
                  000064e0    00000044                                   : autoinit.c.obj (.text:__TI_auto_init_nobinit_nopinit:__TI_auto_init_nobinit_nopinit)
                  00006524    00000038                                   : fs_tod_t2.asm.obj (.text)
                  0000655c    00000034                                   : boot_cortex_m.c.obj (.text:_c_int00_noargs:_c_int00_noargs)
                  00006590    00000020                                   : u_tofd_t2.asm.obj (.text)
                  000065b0    00000018                                   : ll_mul_t2.asm.obj (.text)
                  000065c8    0000000e                                   : copy_decompress_none.c.obj (.text:decompress:none:__TI_decompress_none)
                  000065d6    0000000c                                   : copy_zero_init.c.obj (.text:decompress:ZI:__TI_zero_init)
                  000065e2    0000000c     tm4c123gh6pm_startup_ccs.obj (.text)
                  000065ee    00000004     rtsv7M4_T_le_v4SPD16_eabi.lib : pre_init.c.obj (.text:_system_pre_init)
                  000065f2    00000004                                   : exit.c.obj (.text:abort:abort)

.const     0    000065f8    0000002c     
                  000065f8    00000018     adc.obj (.const:ADC_channels)
                  00006610    00000008     port.obj (.const)
                  00006618    00000004     main.obj (.const:$P$T0$1)
                  0000661c    00000004     main.obj (.const:$P$T1$2)
                  00006620    00000004     tasks.obj (.const)

.cinit     0    00006628    00000090     
                  00006628    0000006c     (.cinit..data.load) [load image, compression = lzss]
                  00006694    0000000c     (__TI_handler_table)
                  000066a0    00000008     (.cinit..bss.load) [load image, compression = zero_init]
                  000066a8    00000010     (__TI_cinit_table)

.init_array 
*          0    00000000    00000000     UNINITIALIZED

.bss       0    20000000    00002f0c     UNINITIALIZED
                  20000000    00002c00     heap_2.obj (.bss:ucHeap)
                  20002c00    000000f0     (.common:axErrorLogs)
                  20002cf0    0000008c     tasks.obj (.bss:pxReadyTasksLists)
                  20002d7c    00000038     (.common:ullTasksInTime)
                  20002db4    00000038     (.common:ullTasksOutTime)
                  20002dec    00000038     (.common:ullTasksTotalTime)
                  20002e24    00000014     timers.obj (.bss:xActiveTimerList1)
                  20002e38    00000014     timers.obj (.bss:xActiveTimerList2)
                  20002e4c    00000014     tasks.obj (.bss:xDelayedTaskList1)
                  20002e60    00000014     tasks.obj (.bss:xDelayedTaskList2)
                  20002e74    00000014     tasks.obj (.bss:xPendingReadyList)
                  20002e88    00000008     tasks.obj (.bss)
                  20002e90    00000008     timers.obj (.bss)
                  20002e98    00000008     heap_2.obj (.bss:xEnd)
                  20002ea0    00000008     heap_2.obj (.bss:xStart)
                  20002ea8    00000004     (.common:xAdcMutex)
                  20002eac    00000004     (.common:xDisplayQueue)
                  20002eb0    00000004     (.common:xErrorLogQueue)
                  20002eb4    00000004     (.common:xSeat1ControlQueueSet)
                  20002eb8    00000004     (.common:xSeat1IntensityQueue)
                  20002ebc    00000004     (.common:xSeat1LevelQueue)
                  20002ec0    00000004     (.common:xSeat1TempQueue)
                  20002ec4    00000004     (.common:xSeat2ControlQueueSet)
                  20002ec8    00000004     (.common:xSeat2IntensityQueue)
                  20002ecc    00000004     (.common:xSeat2LevelQueue)
                  20002ed0    00000004     (.common:xSeat2TempQueue)
                  20002ed4    00000004     (.common:xSeatButtonEventGroup)
                  20002ed8    00000004     (.common:xTask0Handle)
                  20002edc    00000004     (.common:xTask10Handle)
                  20002ee0    00000004     (.common:xTask11Handle)
                  20002ee4    00000004     (.common:xTask12Handle)
                  20002ee8    00000004     (.common:xTask1Handle)
                  20002eec    00000004     (.common:xTask2Handle)
                  20002ef0    00000004     (.common:xTask3Handle)
                  20002ef4    00000004     (.common:xTask4Handle)
                  20002ef8    00000004     (.common:xTask5Handle)
                  20002efc    00000004     (.common:xTask6Handle)
                  20002f00    00000004     (.common:xTask7Handle)
                  20002f04    00000004     (.common:xTask8Handle)
                  20002f08    00000004     (.common:xTask9Handle)

.data      0    20003110    000000c2     UNINITIALIZED
                  20003110    00000030     tasks.obj (.data)
                  20003140    00000028     main.obj (.data:xSeat1Params)
                  20003168    00000028     main.obj (.data:xSeat2Params)
                  20003190    0000000c     port.obj (.data)
                  2000319c    0000000c     timers.obj (.data)
                  200031a8    00000008     heap_2.obj (.data)
                  200031b0    00000008     main.obj (.data:xSeat1RGB)
                  200031b8    00000008     main.obj (.data:xSeat1SavedState)
                  200031c0    00000008     main.obj (.data:xSeat2RGB)
                  200031c8    00000008     main.obj (.data:xSeat2SavedState)
                  200031d0    00000001     main.obj (.data:xSeat1TempSensor)
                  200031d1    00000001     main.obj (.data:xSeat2TempSensor)

.stack     0    20002f10    00000200     UNINITIALIZED
                  20002f10    00000004     rtsv7M4_T_le_v4SPD16_eabi.lib : boot_cortex_m.c.obj (.stack)
                  20002f14    000001fc     --HOLE--

__llvm_prf_cnts 
*          0    20000000    00000000     UNINITIALIZED

MODULE SUMMARY

       Module                         code    ro data   rw data
       ------                         ----    -------   -------
    .\
       main.obj                       2944    8         622    
       tm4c123gh6pm_startup_ccs.obj   12      620       0      
    +--+------------------------------+-------+---------+---------+
       Total:                         2956    628       622    
                                                               
    .\FreeRTOS\Source\
       tasks.obj                      7388    4         256    
       queue.obj                      4652    0         0      
       timers.obj                     1980    0         60     
       event_groups.obj               1278    0         0      
       list.obj                       298     0         0      
    +--+------------------------------+-------+---------+---------+
       Total:                         15596   4         316    
                                                               
    .\FreeRTOS\Source\portable\CCS\ARM_CM4F\
       port.obj                       692     8         12     
       portasm.obj                    218     0         0      
    +--+------------------------------+-------+---------+---------+
       Total:                         910     8         12     
                                                               
    .\FreeRTOS\Source\portable\MemMang\
       heap_2.obj                     652     0         11288  
    +--+------------------------------+-------+---------+---------+
       Total:                         652     0         11288  
                                                               
    .\HAL\RGB_LED\
       rgb_led.obj                    168     0         0      
    +--+------------------------------+-------+---------+---------+
       Total:                         168     0         0      
                                                               
    .\HAL\Temp_Sensor\
       temp_sensor.obj                168     0         0      
    +--+------------------------------+-------+---------+---------+
       Total:                         168     0         0      
                                                               
    .\MCAL\ADC\
       adc.obj                        156     24        0      
    +--+------------------------------+-------+---------+---------+
       Total:                         156     24        0      
                                                               
    .\MCAL\GPIO\
       gpio.obj                       2276    0         0      
    +--+------------------------------+-------+---------+---------+
       Total:                         2276    0         0      
                                                               
    .\MCAL\GPTM\
       GPTM.obj                       84      0         0      
    +--+------------------------------+-------+---------+---------+
       Total:                         84      0         0      
                                                               
    .\MCAL\SYSCTL\
       sysctl.obj                     404     0         0      
    +--+------------------------------+-------+---------+---------+
       Total:                         404     0         0      
                                                               
    .\MCAL\UART\
       uart0.obj                      456     0         0      
    +--+------------------------------+-------+---------+---------+
       Total:                         456     0         0      
                                                               
    D:\IDEs\ccs\tools\compiler\ti-cgt-arm_20.2.7.LTS\lib\rtsv7M4_T_le_v4SPD16_eabi.lib
       fd_div_t2.asm.obj              310     0         0      
       fd_mul_t2.asm.obj              252     0         0      
       memcpy_t2.asm.obj              156     0         0      
       ull_div_t2.asm.obj             150     0         0      
       memset_t2.asm.obj              122     0         0      
       fd_tos_t2.asm.obj              110     0         0      
       ll_div_t2.asm.obj              110     0         0      
       copy_decompress_lzss.c.obj     104     0         0      
       fd_toi_t2.asm.obj              72      0         0      
       autoinit.c.obj                 68      0         0      
       fs_tod_t2.asm.obj              56      0         0      
       boot_cortex_m.c.obj            52      0         0      
       u_tofd_t2.asm.obj              32      0         0      
       ll_mul_t2.asm.obj              24      0         0      
       copy_decompress_none.c.obj     14      0         0      
       copy_zero_init.c.obj           12      0         0      
       exit.c.obj                     4       0         0      
       pre_init.c.obj                 4       0         0      
       div0.asm.obj                   2       0         0      
    +--+------------------------------+-------+---------+---------+
       Total:                         1654    0         0      
                                                               
       Stack:                         0       0         512    
       Linker Generated:              0       144       0      
    +--+------------------------------+-------+---------+---------+
       Grand Total:                   25480   808       12750  


LINKER GENERATED COPY TABLES

__TI_cinit_table @ 000066a8 records: 2, size/record: 8, table size: 16
	.data: load addr=00006628, load size=0000006c bytes, run addr=20003110, run size=000000c2 bytes, compression=lzss
	.bss: load addr=000066a0, load size=00000008 bytes, run addr=20000000, run size=00002f0c bytes, compression=zero_init


LINKER GENERATED HANDLER TABLE

__TI_handler_table @ 00006694 records: 3, size/record: 4, table size: 12
	index: 0, handler: __TI_decompress_lzss
	index: 1, handler: __TI_decompress_none
	index: 2, handler: __TI_zero_init


GLOBAL SYMBOLS: SORTED ALPHABETICALLY BY Name 

address   name                               
-------   ----                               
000060b9  ADC0_Seq3Init                      
00006111  ADC0_Seq3ReadValue                 
000060e9  ADC0_Seq3SetChannel                
000065f8  ADC_channels                       
000065f3  C$$EXIT                            
00003175  Delay_MS                           
00003c13  GPIOPortF_Handler                  
000043e1  GPIO_ADCTriggerDisable             
00004499  GPIO_ADCTriggerEnable              
00003d99  GPIO_BlueLedOff                    
00003d75  GPIO_BlueLedOn                     
00003dbd  GPIO_BlueLedToggle                 
00003cf5  GPIO_BuiltinButtonsLedsInit        
000040a5  GPIO_DirModeGet                    
00003e85  GPIO_DirModeSet                    
00003da5  GPIO_GreenLedOff                   
00003d81  GPIO_GreenLedOn                    
00003dc9  GPIO_GreenLedToggle                
00004311  GPIO_PinRead                       
0000419d  GPIO_PinWrite                      
00003d8d  GPIO_RedLedOff                     
00003d69  GPIO_RedLedOn                      
00003db1  GPIO_RedLedToggle                  
00003de9  GPIO_SW1EdgeTriggeredInterruptInit 
00003dd5  GPIO_SW1GetState                   
00003e37  GPIO_SW2EdgeTriggeredInterruptInit 
00003ddf  GPIO_SW2GetState                   
00006445  GPTM_WTimer0Init                   
00006475  GPTM_WTimer0Read                   
00005ffb  RGB_BlueLedOff                     
00005fe7  RGB_BlueLedOn                      
00005fd3  RGB_GreenLedOff                    
00005fbf  RGB_GreenLedOn                     
00005f67  RGB_Init                           
00005fab  RGB_RedLedOff                      
00005f97  RGB_RedLedOn                       
000065e3  ResetISR                           
00005a7d  SysCtl_PeripheralDisable           
0000599d  SysCtl_PeripheralEnable            
00006011  TEMP_Init                          
00006033  TEMP_Read                          
0000582b  UART0_Init                         
00005887  UART0_ReceiveByte                  
0000586b  UART0_SendByte                     
000058bd  UART0_SendInteger                  
00005897  UART0_SendString                   
20003110  __STACK_END                        
00000200  __STACK_SIZE                       
20003110  __STACK_TOP                        
000066a8  __TI_CINIT_Base                    
000066b8  __TI_CINIT_Limit                   
00006694  __TI_Handler_Table_Base            
000066a0  __TI_Handler_Table_Limit           
000064e1  __TI_auto_init_nobinit_nopinit     
000063dd  __TI_decompress_lzss               
000065c9  __TI_decompress_none               
ffffffff  __TI_pprof_out_hndl                
ffffffff  __TI_prof_data_size                
ffffffff  __TI_prof_data_start               
00000000  __TI_static_base__                 
000065d7  __TI_zero_init                     
00006301  __aeabi_d2f                        
00006499  __aeabi_d2iz                       
00005b31  __aeabi_ddiv                       
00005d91  __aeabi_dmul                       
00006525  __aeabi_f2d                        
00005293  __aeabi_idiv0                      
00005293  __aeabi_ldiv0                      
0000636f  __aeabi_ldivmod                    
000065b1  __aeabi_lmul                       
00006287  __aeabi_memclr                     
00006287  __aeabi_memclr4                    
00006287  __aeabi_memclr8                    
00006155  __aeabi_memcpy                     
00006155  __aeabi_memcpy4                    
00006155  __aeabi_memcpy8                    
00006289  __aeabi_memset                     
00006289  __aeabi_memset4                    
00006289  __aeabi_memset8                    
00006591  __aeabi_ui2d                       
000061f1  __aeabi_uldivmod                   
ffffffff  __binit__                          
ffffffff  __c_args__                         
UNDEFED   __mpu_init                         
20002f10  __stack                            
20000000  __start___llvm_prf_cnts            
20000000  __stop___llvm_prf_cnts             
0000655d  _c_int00_noargs                    
UNDEFED   _system_post_cinit                 
000065ef  _system_pre_init                   
000065f3  abort                              
20002c00  axErrorLogs                        
ffffffff  binit                              
00000000  g_pfnVectors                       
000031b5  main                               
00006155  memcpy                             
0000628f  memset                             
000008a9  pcTaskGetName                      
0000483d  pcTimerGetName                     
00005735  pvPortCalloc                       
00005549  pvPortMalloc                       
00001651  pvTaskIncrementMutexHeldCount      
00004ca1  pvTimerGetTimerID                  
20003110  pxCurrentTCB                       
00005295  pxPortInitialiseStack              
00006610  ulMaxSyscallInterruptPriority      
00005e9d  ulPortGetIPSR                      
00001669  ulTaskGenericNotifyTake            
00001e61  ulTaskGenericNotifyValueClear      
20002d7c  ullTasksInTime                     
20002db4  ullTasksOutTime                    
20002dec  ullTasksTotalTime                  
00005d49  uxListRemove                       
00002c51  uxQueueMessagesWaiting             
00002caf  uxQueueMessagesWaitingFromISR      
00002c7b  uxQueueSpacesAvailable             
00000891  uxTaskGetNumberOfTasks             
0000162b  uxTaskResetEventItemValue          
00004803  uxTimerGetReloadMode               
00006620  uxTopUsedPriority                  
000036dd  vControlTask                       
00003951  vDisplayTask                       
0000524d  vEventGroupClearBitsCallback       
000051d3  vEventGroupDelete                  
0000523d  vEventGroupSetBitsCallback         
00005c67  vListInitialise                    
00005c97  vListInitialiseItem                
00005ce3  vListInsert                        
00005ca7  vListInsertEnd                     
00003ad9  vLogErrorTask                      
00005f59  vPortEnableVFP                     
000053d9  vPortEndScheduler                  
000053fd  vPortEnterCritical                 
0000543f  vPortExitCritical                  
0000566f  vPortFree                          
00005733  vPortInitialiseBlocks              
00005f15  vPortSVCHandler                    
00005491  vPortSetupTimerInterrupt           
00005f35  vPortStartFirstTask                
000054ab  vPortValidateInterruptPriority     
00002cd9  vQueueDelete                       
00002f8f  vQueueWaitForMessageRestricted     
0000348d  vReadTempTask                      
00003b95  vRunTimeMeasurementsTask           
000038af  vSetHeaterTask                     
0000362d  vSetLevelTask                      
00000599  vTaskDelay                         
00000685  vTaskEndScheduler                  
00001c49  vTaskGenericNotifyGiveFromISR      
000010e9  vTaskInternalSetTimeOutState       
000011ad  vTaskMissedYield                   
00000caf  vTaskPlaceOnEventList              
00000d91  vTaskPlaceOnEventListRestricted    
00000ced  vTaskPlaceOnUnorderedEventList     
000014e5  vTaskPriorityDisinheritAfterTimeout
00000f7d  vTaskRemoveFromUnorderedEventList  
00000b11  vTaskSetApplicationTaskTag         
000010b7  vTaskSetTimeOutState               
000005eb  vTaskStartScheduler                
000006a1  vTaskSuspendAll                    
00000be5  vTaskSwitchContext                 
0000477d  vTimerSetReloadMode                
00004ccf  vTimerSetTimerID                   
00003b41  vWarningLedTask                    
20002ea8  xAdcMutex                          
20002eac  xDisplayQueue                      
20002eb0  xErrorLogQueue                     
00005047  xEventGroupClearBits               
00004d95  xEventGroupCreate                  
000050a5  xEventGroupGetBitsFromISR          
000050d9  xEventGroupSetBits                 
00004db5  xEventGroupSync                    
00004ee7  xEventGroupWaitBits                
0000572d  xPortGetFreeHeapSize               
00005eb5  xPortPendSVHandler                 
00005321  xPortStartScheduler                
0000546b  xPortSysTickHandler                
00002fff  xQueueAddToSet                     
00002135  xQueueCreateMutex                  
00002feb  xQueueCreateSet                    
00002049  xQueueGenericCreate                
00001f49  xQueueGenericReset                 
00002161  xQueueGenericSend                  
0000234f  xQueueGenericSendFromISR           
000024b5  xQueueGiveFromISR                  
00002efb  xQueueIsQueueEmptyFromISR          
00002f55  xQueueIsQueueFullFromISR           
0000291d  xQueuePeek                         
00002ba1  xQueuePeekFromISR                  
000025f1  xQueueReceive                      
00002a9b  xQueueReceiveFromISR               
00003033  xQueueRemoveFromSet                
00003075  xQueueSelectFromSet                
0000308d  xQueueSelectFromSetFromISR         
00002769  xQueueSemaphoreTake                
20002eb4  xSeat1ControlQueueSet              
20002eb8  xSeat1IntensityQueue               
20002ebc  xSeat1LevelQueue                   
20003140  xSeat1Params                       
200031b0  xSeat1RGB                          
200031b8  xSeat1SavedState                   
20002ec0  xSeat1TempQueue                    
200031d0  xSeat1TempSensor                   
20002ec4  xSeat2ControlQueueSet              
20002ec8  xSeat2IntensityQueue               
20002ecc  xSeat2LevelQueue                   
20003168  xSeat2Params                       
200031c0  xSeat2RGB                          
200031c8  xSeat2SavedState                   
20002ed0  xSeat2TempQueue                    
200031d1  xSeat2TempSensor                   
20002ed4  xSeatButtonEventGroup              
20002ed8  xTask0Handle                       
20002edc  xTask10Handle                      
20002ee0  xTask11Handle                      
20002ee4  xTask12Handle                      
20002ee8  xTask1Handle                       
20002eec  xTask2Handle                       
20002ef0  xTask3Handle                       
20002ef4  xTask4Handle                       
20002ef8  xTask5Handle                       
20002efc  xTask6Handle                       
20002f00  xTask7Handle                       
20002f04  xTask8Handle                       
20002f08  xTask9Handle                       
00000b9b  xTaskCallApplicationTaskHook       
000008e1  xTaskCatchUpTicks                  
0000110d  xTaskCheckForTimeOut               
0000026d  xTaskCreate                        
000004bf  xTaskDelayUntil                    
0000180d  xTaskGenericNotify                 
000019f3  xTaskGenericNotifyFromISR          
00001df9  xTaskGenericNotifyStateClear       
00001725  xTaskGenericNotifyWait             
00000b37  xTaskGetApplicationTaskTag         
00000b61  xTaskGetApplicationTaskTagFromISR  
0000125d  xTaskGetCurrentTaskHandle          
0000126d  xTaskGetSchedulerState             
0000086d  xTaskGetTickCount                  
0000087d  xTaskGetTickCountFromISR           
00000949  xTaskIncrementTick                 
000013bd  xTaskPriorityDisinherit            
0000129d  xTaskPriorityInherit               
00000e11  xTaskRemoveFromEventList           
000006c9  xTaskResumeAll                     
00004617  xTimerCreate                       
000045d9  xTimerCreateTimerTask              
000046b5  xTimerGenericCommand               
0000480f  xTimerGetExpiryTime                
00004757  xTimerGetPeriod                    
000047c7  xTimerGetReloadMode                
00004735  xTimerGetTimerDaemonTaskHandle     
00004c65  xTimerIsTimerActive                
00004d33  xTimerPendFunctionCall             
00004cfd  xTimerPendFunctionCallFromISR      


GLOBAL SYMBOLS: SORTED BY Symbol Address 

address   name                               
-------   ----                               
00000000  __TI_static_base__                 
00000000  g_pfnVectors                       
00000200  __STACK_SIZE                       
0000026d  xTaskCreate                        
000004bf  xTaskDelayUntil                    
00000599  vTaskDelay                         
000005eb  vTaskStartScheduler                
00000685  vTaskEndScheduler                  
000006a1  vTaskSuspendAll                    
000006c9  xTaskResumeAll                     
0000086d  xTaskGetTickCount                  
0000087d  xTaskGetTickCountFromISR           
00000891  uxTaskGetNumberOfTasks             
000008a9  pcTaskGetName                      
000008e1  xTaskCatchUpTicks                  
00000949  xTaskIncrementTick                 
00000b11  vTaskSetApplicationTaskTag         
00000b37  xTaskGetApplicationTaskTag         
00000b61  xTaskGetApplicationTaskTagFromISR  
00000b9b  xTaskCallApplicationTaskHook       
00000be5  vTaskSwitchContext                 
00000caf  vTaskPlaceOnEventList              
00000ced  vTaskPlaceOnUnorderedEventList     
00000d91  vTaskPlaceOnEventListRestricted    
00000e11  xTaskRemoveFromEventList           
00000f7d  vTaskRemoveFromUnorderedEventList  
000010b7  vTaskSetTimeOutState               
000010e9  vTaskInternalSetTimeOutState       
0000110d  xTaskCheckForTimeOut               
000011ad  vTaskMissedYield                   
0000125d  xTaskGetCurrentTaskHandle          
0000126d  xTaskGetSchedulerState             
0000129d  xTaskPriorityInherit               
000013bd  xTaskPriorityDisinherit            
000014e5  vTaskPriorityDisinheritAfterTimeout
0000162b  uxTaskResetEventItemValue          
00001651  pvTaskIncrementMutexHeldCount      
00001669  ulTaskGenericNotifyTake            
00001725  xTaskGenericNotifyWait             
0000180d  xTaskGenericNotify                 
000019f3  xTaskGenericNotifyFromISR          
00001c49  vTaskGenericNotifyGiveFromISR      
00001df9  xTaskGenericNotifyStateClear       
00001e61  ulTaskGenericNotifyValueClear      
00001f49  xQueueGenericReset                 
00002049  xQueueGenericCreate                
00002135  xQueueCreateMutex                  
00002161  xQueueGenericSend                  
0000234f  xQueueGenericSendFromISR           
000024b5  xQueueGiveFromISR                  
000025f1  xQueueReceive                      
00002769  xQueueSemaphoreTake                
0000291d  xQueuePeek                         
00002a9b  xQueueReceiveFromISR               
00002ba1  xQueuePeekFromISR                  
00002c51  uxQueueMessagesWaiting             
00002c7b  uxQueueSpacesAvailable             
00002caf  uxQueueMessagesWaitingFromISR      
00002cd9  vQueueDelete                       
00002efb  xQueueIsQueueEmptyFromISR          
00002f55  xQueueIsQueueFullFromISR           
00002f8f  vQueueWaitForMessageRestricted     
00002feb  xQueueCreateSet                    
00002fff  xQueueAddToSet                     
00003033  xQueueRemoveFromSet                
00003075  xQueueSelectFromSet                
0000308d  xQueueSelectFromSetFromISR         
00003175  Delay_MS                           
000031b5  main                               
0000348d  vReadTempTask                      
0000362d  vSetLevelTask                      
000036dd  vControlTask                       
000038af  vSetHeaterTask                     
00003951  vDisplayTask                       
00003ad9  vLogErrorTask                      
00003b41  vWarningLedTask                    
00003b95  vRunTimeMeasurementsTask           
00003c13  GPIOPortF_Handler                  
00003cf5  GPIO_BuiltinButtonsLedsInit        
00003d69  GPIO_RedLedOn                      
00003d75  GPIO_BlueLedOn                     
00003d81  GPIO_GreenLedOn                    
00003d8d  GPIO_RedLedOff                     
00003d99  GPIO_BlueLedOff                    
00003da5  GPIO_GreenLedOff                   
00003db1  GPIO_RedLedToggle                  
00003dbd  GPIO_BlueLedToggle                 
00003dc9  GPIO_GreenLedToggle                
00003dd5  GPIO_SW1GetState                   
00003ddf  GPIO_SW2GetState                   
00003de9  GPIO_SW1EdgeTriggeredInterruptInit 
00003e37  GPIO_SW2EdgeTriggeredInterruptInit 
00003e85  GPIO_DirModeSet                    
000040a5  GPIO_DirModeGet                    
0000419d  GPIO_PinWrite                      
00004311  GPIO_PinRead                       
000043e1  GPIO_ADCTriggerDisable             
00004499  GPIO_ADCTriggerEnable              
000045d9  xTimerCreateTimerTask              
00004617  xTimerCreate                       
000046b5  xTimerGenericCommand               
00004735  xTimerGetTimerDaemonTaskHandle     
00004757  xTimerGetPeriod                    
0000477d  vTimerSetReloadMode                
000047c7  xTimerGetReloadMode                
00004803  uxTimerGetReloadMode               
0000480f  xTimerGetExpiryTime                
0000483d  pcTimerGetName                     
00004c65  xTimerIsTimerActive                
00004ca1  pvTimerGetTimerID                  
00004ccf  vTimerSetTimerID                   
00004cfd  xTimerPendFunctionCallFromISR      
00004d33  xTimerPendFunctionCall             
00004d95  xEventGroupCreate                  
00004db5  xEventGroupSync                    
00004ee7  xEventGroupWaitBits                
00005047  xEventGroupClearBits               
000050a5  xEventGroupGetBitsFromISR          
000050d9  xEventGroupSetBits                 
000051d3  vEventGroupDelete                  
0000523d  vEventGroupSetBitsCallback         
0000524d  vEventGroupClearBitsCallback       
00005293  __aeabi_idiv0                      
00005293  __aeabi_ldiv0                      
00005295  pxPortInitialiseStack              
00005321  xPortStartScheduler                
000053d9  vPortEndScheduler                  
000053fd  vPortEnterCritical                 
0000543f  vPortExitCritical                  
0000546b  xPortSysTickHandler                
00005491  vPortSetupTimerInterrupt           
000054ab  vPortValidateInterruptPriority     
00005549  pvPortMalloc                       
0000566f  vPortFree                          
0000572d  xPortGetFreeHeapSize               
00005733  vPortInitialiseBlocks              
00005735  pvPortCalloc                       
0000582b  UART0_Init                         
0000586b  UART0_SendByte                     
00005887  UART0_ReceiveByte                  
00005897  UART0_SendString                   
000058bd  UART0_SendInteger                  
0000599d  SysCtl_PeripheralEnable            
00005a7d  SysCtl_PeripheralDisable           
00005b31  __aeabi_ddiv                       
00005c67  vListInitialise                    
00005c97  vListInitialiseItem                
00005ca7  vListInsertEnd                     
00005ce3  vListInsert                        
00005d49  uxListRemove                       
00005d91  __aeabi_dmul                       
00005e9d  ulPortGetIPSR                      
00005eb5  xPortPendSVHandler                 
00005f15  vPortSVCHandler                    
00005f35  vPortStartFirstTask                
00005f59  vPortEnableVFP                     
00005f67  RGB_Init                           
00005f97  RGB_RedLedOn                       
00005fab  RGB_RedLedOff                      
00005fbf  RGB_GreenLedOn                     
00005fd3  RGB_GreenLedOff                    
00005fe7  RGB_BlueLedOn                      
00005ffb  RGB_BlueLedOff                     
00006011  TEMP_Init                          
00006033  TEMP_Read                          
000060b9  ADC0_Seq3Init                      
000060e9  ADC0_Seq3SetChannel                
00006111  ADC0_Seq3ReadValue                 
00006155  __aeabi_memcpy                     
00006155  __aeabi_memcpy4                    
00006155  __aeabi_memcpy8                    
00006155  memcpy                             
000061f1  __aeabi_uldivmod                   
00006287  __aeabi_memclr                     
00006287  __aeabi_memclr4                    
00006287  __aeabi_memclr8                    
00006289  __aeabi_memset                     
00006289  __aeabi_memset4                    
00006289  __aeabi_memset8                    
0000628f  memset                             
00006301  __aeabi_d2f                        
0000636f  __aeabi_ldivmod                    
000063dd  __TI_decompress_lzss               
00006445  GPTM_WTimer0Init                   
00006475  GPTM_WTimer0Read                   
00006499  __aeabi_d2iz                       
000064e1  __TI_auto_init_nobinit_nopinit     
00006525  __aeabi_f2d                        
0000655d  _c_int00_noargs                    
00006591  __aeabi_ui2d                       
000065b1  __aeabi_lmul                       
000065c9  __TI_decompress_none               
000065d7  __TI_zero_init                     
000065e3  ResetISR                           
000065ef  _system_pre_init                   
000065f3  C$$EXIT                            
000065f3  abort                              
000065f8  ADC_channels                       
00006610  ulMaxSyscallInterruptPriority      
00006620  uxTopUsedPriority                  
00006694  __TI_Handler_Table_Base            
000066a0  __TI_Handler_Table_Limit           
000066a8  __TI_CINIT_Base                    
000066b8  __TI_CINIT_Limit                   
20000000  __start___llvm_prf_cnts            
20000000  __stop___llvm_prf_cnts             
20002c00  axErrorLogs                        
20002d7c  ullTasksInTime                     
20002db4  ullTasksOutTime                    
20002dec  ullTasksTotalTime                  
20002ea8  xAdcMutex                          
20002eac  xDisplayQueue                      
20002eb0  xErrorLogQueue                     
20002eb4  xSeat1ControlQueueSet              
20002eb8  xSeat1IntensityQueue               
20002ebc  xSeat1LevelQueue                   
20002ec0  xSeat1TempQueue                    
20002ec4  xSeat2ControlQueueSet              
20002ec8  xSeat2IntensityQueue               
20002ecc  xSeat2LevelQueue                   
20002ed0  xSeat2TempQueue                    
20002ed4  xSeatButtonEventGroup              
20002ed8  xTask0Handle                       
20002edc  xTask10Handle                      
20002ee0  xTask11Handle                      
20002ee4  xTask12Handle                      
20002ee8  xTask1Handle                       
20002eec  xTask2Handle                       
20002ef0  xTask3Handle                       
20002ef4  xTask4Handle                       
20002ef8  xTask5Handle                       
20002efc  xTask6Handle                       
20002f00  xTask7Handle                       
20002f04  xTask8Handle                       
20002f08  xTask9Handle                       
20002f10  __stack                            
20003110  __STACK_END                        
20003110  __STACK_TOP                        
20003110  pxCurrentTCB                       
20003140  xSeat1Params                       
20003168  xSeat2Params                       
200031b0  xSeat1RGB                          
200031b8  xSeat1SavedState                   
200031c0  xSeat2RGB                          
200031c8  xSeat2SavedState                   
200031d0  xSeat1TempSensor                   
200031d1  xSeat2TempSensor                   
ffffffff  __TI_pprof_out_hndl                
ffffffff  __TI_prof_data_size                
ffffffff  __TI_prof_data_start               
ffffffff  __binit__                          
ffffffff  __c_args__                         
ffffffff  binit                              
UNDEFED   __mpu_init                         
UNDEFED   _system_post_cinit                 

[255 symbols]
